FatFs/ff.c:732:13:mem_cpy	0	static
FatFs/ff.c:745:13:mem_set	0	static
FatFs/ff.c:756:12:mem_cmp	8	static
FatFs/ff.c:1203:14:clst2sect	0	static
FatFs/ff.c:2111:13:sum_sfn	0	static
FatFs/ff.c:2133:13:xdir_sum	8	static
FatFs/ff.c:2810:14:get_achar	0	static
FatFs/ff.c:2841:12:pattern_match	40	static
FatFs/ff.c:3179:12:get_ldnumber	0	static
FatFs/ff.c:3650:16:validate	16	static
FatFs/ff.c:1114:16:sync_window	16	static
FatFs/ff.c:1136:16:move_window	16	static
FatFs/ff.c:3327:13:check_fs	16	static
FatFs/ff.c:1403:16:change_bitmap	32	static
FatFs/ff.c:1298:16:put_fat	32	static
FatFs/ff.c:1462:16:fill_last_frag	24	static
FatFs/ff.c:1439:16:fill_first_frag	16	static
FatFs/ff.c:1220:14:get_fat	24	static
FatFs/ff.c:1755:16:dir_sdi	24	static
FatFs/ff.c:1488:16:remove_chain	32	static
FatFs/ff.c:1716:16:dir_clear	24	static
FatFs/ff.c:890:13:put_utf	16	static
FatFs/ff.c:2675:13:get_fileinfo	32	static
FatFs/ff.c:2154:13:xname_sum	16	static
FatFs/ff.c:1167:16:sync_fs	16	static
FatFs/ff.c:3421:16:mount_volume	40	static
FatFs/ff.c:1583:14:create_chain	32	static
FatFs/ff.c:1803:16:dir_next	32	static
FatFs/ff.c:2188:16:load_xdir	24	static
FatFs/ff.c:1864:16:dir_alloc	24	static
FatFs/ff.c:2286:16:store_xdir	24	static
FatFs/ff.c:2629:16:dir_remove	24	static
FatFs/ff.c:2364:16:dir_read.constprop	32	static
FatFs/ff.c:2442:16:dir_find	64	static
FatFs/ff.c:2523:16:dir_register	136	static
FatFs/ff.c:2239:13:init_alloc_info.isra	0	static
FatFs/ff.c:1906:14:ld_clust.isra	0	static
FatFs/ff.c:3092:16:follow_path	56	static
FatFs/ff.c:3694:9:f_mount	24	static
FatFs/ff.c:3742:9:f_open	144	static
FatFs/ff.c:3939:9:f_read	64	static
FatFs/ff.c:4039:9:f_write	56	static
FatFs/ff.c:4160:9:f_sync	120	static
FatFs/ff.c:4241:9:f_close	16	static
FatFs/ff.c:4456:9:f_lseek	56	static
FatFs/ff.c:4620:9:f_opendir	32	static
FatFs/ff.c:4686:9:f_closedir	16	static
FatFs/ff.c:4716:9:f_readdir	24	static
FatFs/ff.c:4752:9:f_findnext	24	static
FatFs/ff.c:4777:9:f_findfirst	16	static
FatFs/ff.c:4804:9:f_stat	112	static
FatFs/ff.c:4839:9:f_getfree	96	static
FatFs/ff.c:4931:9:f_truncate	24	static
FatFs/ff.c:4981:9:f_unlink	264	static
FatFs/ff.c:5075:9:f_mkdir	176	static
FatFs/ff.c:5159:9:f_rename	280	static
