ChibiOS/os/hal/src/hal_usb.c:51:13:_usb_ep0_error	8	static
ChibiOS/os/hal/src/hal_usb.c:81:13:set_address	8	static
ChibiOS/os/hal/src/hal_usb.c:234:6:usbInit	0	static
ChibiOS/os/hal/src/hal_usb.c:246:6:usbObjectInit	16	static
ChibiOS/os/hal/src/hal_usb.c:267:6:usbStart	8	static
ChibiOS/os/hal/src/hal_usb.c:291:6:usbStop	16	static
ChibiOS/os/hal/src/hal_usb.c:335:6:usbInitEndpointI	0	static
ChibiOS/os/hal/src/hal_usb.c:370:6:usbDisableEndpointsI	0	static
ChibiOS/os/hal/src/hal_usb.c:404:6:usbStartReceiveI	16	static
ChibiOS/os/hal/src/hal_usb.c:443:6:usbStartTransmitI	16	static
ChibiOS/os/hal/src/hal_usb.c:550:6:usbStallReceiveI	8	static
ChibiOS/os/hal/src/hal_usb.c:574:6:usbStallTransmitI	8	static
ChibiOS/os/hal/src/hal_usb.c:596:6:_usb_reset	16	static
ChibiOS/os/hal/src/hal_usb.c:630:6:_usb_suspend	0	static
ChibiOS/os/hal/src/hal_usb.c:650:6:_usb_wakeup	0	static
ChibiOS/os/hal/src/hal_usb.c:667:6:_usb_ep0setup	16	static
ChibiOS/os/hal/src/hal_usb.c:740:6:_usb_ep0in	16	static
ChibiOS/os/hal/src/hal_usb.c:798:6:_usb_ep0out	8	static
