ChibiOS/os/hal/src/hal_buffers.c:127:13:bqPrepareBuffer	4	static
ChibiOS/os/hal/src/hal_buffers.c:156:6:bqObjectInit	4	static
ChibiOS/os/hal/src/hal_buffers.c:186:6:bqResetI	0	static
ChibiOS/os/hal/src/hal_buffers.c:205:6:ibqPostFullBufferI	8	static
ChibiOS/os/hal/src/hal_buffers.c:268:7:ibqGetFullBufferTimeoutS	8	static
ChibiOS/os/hal/src/hal_buffers.c:237:7:ibqGetFullBufferTimeout	8	static
ChibiOS/os/hal/src/hal_buffers.c:306:6:ibqReleaseEmptyBufferS	4	static
ChibiOS/os/hal/src/hal_buffers.c:291:6:ibqReleaseEmptyBuffer	8	static
ChibiOS/os/hal/src/hal_buffers.c:338:7:ibqGetTimeout	16	static
ChibiOS/os/hal/src/hal_buffers.c:387:8:ibqReadTimeout	32	static
ChibiOS/os/hal/src/hal_buffers.c:403:10:ibqGetEmptyBufferI	0	static
ChibiOS/os/hal/src/hal_buffers.c:425:10:obqGetFullBufferI	0	static
ChibiOS/os/hal/src/hal_buffers.c:443:6:obqReleaseEmptyBufferI	4	static
ChibiOS/os/hal/src/hal_buffers.c:505:7:obqGetEmptyBufferTimeoutS	8	static
ChibiOS/os/hal/src/hal_buffers.c:473:7:obqGetEmptyBufferTimeout	8	static
ChibiOS/os/hal/src/hal_buffers.c:544:6:obqPostFullBufferS	8	static
ChibiOS/os/hal/src/hal_buffers.c:528:6:obqPostFullBuffer	8	static
ChibiOS/os/hal/src/hal_buffers.c:576:7:obqPutTimeout	16	static
ChibiOS/os/hal/src/hal_buffers.c:626:8:obqWriteTimeout	32	static
ChibiOS/os/hal/src/hal_buffers.c:645:6:obqTryFlushI	16	static
ChibiOS/os/hal/src/hal_buffers.c:671:6:obqFlush	8	static
