ChibiOS/os/hal/src/hal_serial_usb.c:163:13:obnotify	16	static
ChibiOS/os/hal/src/hal_serial_usb.c:88:14:get	0	static
ChibiOS/os/hal/src/hal_serial_usb.c:81:14:put	0	static
ChibiOS/os/hal/src/hal_serial_usb.c:74:15:read	0	static
ChibiOS/os/hal/src/hal_serial_usb.c:67:15:write	0	static
ChibiOS/os/hal/src/hal_serial_usb.c:122:13:sdu_start_receive.isra	8	static
ChibiOS/os/hal/src/hal_serial_usb.c:153:13:ibnotify	0	static
ChibiOS/os/hal/src/hal_serial_usb.c:192:6:sduInit	0	static
ChibiOS/os/hal/src/hal_serial_usb.c:204:6:sduObjectInit	16	static
ChibiOS/os/hal/src/hal_serial_usb.c:225:6:sduStart	0	static
ChibiOS/os/hal/src/hal_serial_usb.c:284:6:sduDisconnectI	8	static
ChibiOS/os/hal/src/hal_serial_usb.c:252:6:sduStop	8	static
ChibiOS/os/hal/src/hal_serial_usb.c:299:6:sduConfigureHookI	8	static
ChibiOS/os/hal/src/hal_serial_usb.c:321:6:sduRequestsHook	0	static
ChibiOS/os/hal/src/hal_serial_usb.c:351:6:sduSOFHookI	24	static
ChibiOS/os/hal/src/hal_serial_usb.c:386:6:sduDataTransmitted	32	static
ChibiOS/os/hal/src/hal_serial_usb.c:435:6:sduDataReceived	8	static
ChibiOS/os/hal/src/hal_serial_usb.c:471:6:sduInterruptTransmitted	0	static
