NANOVNA_STM32_F303/adc_v3.c:131:13:adcStartMeasure	16	static
NANOVNA_STM32_F303/rtc_v2.c:54:13:rtc_enter_init	0	static
NANOVNA_STM32_F303/rtc_v2.c:81:13:rtc_start_source	8	static
NANOVNA_STM32_F303/adc_v3.c:118:6:adc_init	8	static
NANOVNA_STM32_F303/adc_v3.c:155:10:adc_single_read	16	static
NANOVNA_STM32_F303/adc_v3.c:162:9:adc_vbat_read	16	static
NANOVNA_STM32_F303/adc_v3.c:208:6:adc_start_analog_watchdog	4	static
NANOVNA_STM32_F303/adc_v3.c:224:6:adc_stop_analog_watchdog	0	static
NANOVNA_STM32_F303/adc_v3.c:245:1:Vector88	8	static
NANOVNA_STM32_F303/i2c_v2.c:25:6:i2c_set_timings	0	static
NANOVNA_STM32_F303/i2c_v2.c:31:6:i2c_start	0	static
NANOVNA_STM32_F303/i2c_v2.c:37:6:i2c_transfer	4	static
NANOVNA_STM32_F303/i2c_v2.c:52:6:i2c_receive	12	static
NANOVNA_STM32_F303/rtc_v2.c:22:10:rtc_get_tr_bin	0	static
NANOVNA_STM32_F303/rtc_v2.c:29:10:rtc_get_dr_bin	0	static
NANOVNA_STM32_F303/rtc_v2.c:35:10:rtc_get_FAT	8	static
NANOVNA_STM32_F303/rtc_v2.c:63:6:rtc_set_time	8	static
NANOVNA_STM32_F303/rtc_v2.c:107:6:auto_backup_domain_init	16	static
NANOVNA_STM32_F303/rtc_v2.c:131:6:rtc_init	8	static
NANOVNA_STM32_F303/rtc_v2.c:166:6:rtc_set_cal	0	static
NANOVNA_STM32_F303/rtc_v2.c:173:7:rtc_get_cal	0	static
NANOVNA_STM32_F303/dac_v1.c:22:6:dac_init	0	static
NANOVNA_STM32_F303/dac_v1.c:27:6:dac_setvalue_ch1	0	static
NANOVNA_STM32_F303/dac_v1.c:28:6:dac_setvalue_ch2	0	static
NANOVNA_STM32_F303/i2s.c:33:6:initI2S	16	static
NANOVNA_STM32_F303/flash.c:26:6:flash_erase_pages	4	static
NANOVNA_STM32_F303/flash.c:36:6:flash_program_half_word_buffer	16	static
NANOVNA_STM32_F303/gpio_v2.c:73:6:initPal	36	static
NANOVNA_STM32_F303/gpio_v2.c:81:6:palSetPadGroupMode	32	static
NANOVNA_STM32_F303/gpio_v2.c:121:6:palSetPadMode	12	static
NANOVNA_STM32_F303/dma_v1.c:53:1:Vector78	0	static
NANOVNA_STM32_F303/exti_v1.c:61:1:Vector5C	0	static
NANOVNA_STM32_F303/exti_v1.c:71:1:Vector60	0	static
NANOVNA_STM32_F303/exti_v1.c:81:1:Vector64	0	static
NANOVNA_STM32_F303/exti_v1.c:150:6:extStart	8	static
NANOVNA_STM32_F303/exti_v1.c:178:6:ext_channel_enable	8	static
hardware.c:112:6:initTimers	4	static
hardware.c:123:6:startTimer	4	static
