lcd.c:152:13:dmaChannelWaitCompletionRxTx	0	static
lcd.c:1211:13:SD_Select_SPI	4	static
lcd.c:88:6:spi_TxByte	0	static
lcd.c:93:6:spi_TxBuffer	0	static
lcd.c:405:13:lcd_send_command	8	static
lcd.c:101:9:spi_RxByte	0	static
lcd.c:1218:13:SD_Unselect_SPI	8	static
lcd.c:109:6:spi_RxBuffer	0	static
lcd.c:117:6:spi_DropRx	0	static
lcd.c:1315:16:SD_WaitNotBusy	16	static
lcd.c:1352:13:SD_TxDataBlock.constprop	8	static
lcd.c:1327:13:SD_RxDataBlock.constprop	24	static
lcd.c:1388:16:SD_SendCmd	24	static
lcd.c:399:10:lcd_get_cell_buffer	0	static
lcd.c:554:6:lcd_set_rotation	0	static
lcd.c:580:6:lcd_setWindow	32	static
lcd.c:669:13:lcd_bulk_buffer	48	static
lcd.c:637:6:lcd_read_memory	24	static
lcd.c:656:6:lcd_set_flip	8	static
lcd.c:663:6:lcd_bulk_finish	0	static
lcd.c:424:10:lcd_send_register	16	static
lcd.c:689:6:lcd_bulk_continue	24	static
lcd.c:696:6:lcd_bulk	16	static
lcd.c:705:6:lcd_fill	48	static
lcd.c:742:6:lcd_line	56	static
lcd.c:762:6:lcd_clear_screen	0	static
lcd.c:565:6:lcd_init	16	static
lcd.c:766:6:lcd_set_foreground	0	static
lcd.c:770:6:lcd_set_background	0	static
lcd.c:774:6:lcd_set_colors	0	static
lcd.c:779:6:lcd_blitBitmap	36	static
lcd.c:861:14:lcd_put	24	static
lcd.c:805:6:lcd_drawchar	16	static
lcd.c:877:5:lcd_printf	48	static
lcd.c:892:5:lcd_printfV	56	static
lcd.c:911:6:lcd_blitBitmapScale	56	static
lcd.c:929:5:lcd_drawchar_size	72	static
lcd.c:959:6:lcd_drawfont	16	static
lcd.c:963:6:lcd_drawstring_size	24	static
lcd.c:968:6:lcd_vector_draw	24	static
lcd.c:1431:7:get_fattime	0	static
lcd.c:1437:9:disk_initialize	24	static
lcd.c:1509:9:disk_status	0	static
lcd.c:1515:9:disk_read	24	static
lcd.c:1553:9:disk_write	24	static
lcd.c:1601:9:disk_ioctl	8	static
lcd.c:1680:6:lcd_show_logo	40	static
