main.c:470:14:getSWRfromIndex	0	static
main.c:2750:13:shell_write	4	static
main.c:2756:1:cmd_reson	0	static
main.c:4128:1:eterm_calc_er	4	static
main.c:5605:1:cmd_help	0	static
main.c:4872:1:set_domain_mode	8	static
main.c:4403:13:cal_interpolate	56	static
main.c:5323:1:cmd_refresh	8	static
main.c:5749:31:VNAShell_parceLine	16	static
main.c:4894:1:cmd_transform	16	static
main.c:2860:1:cmd_measure	8	static
main.c:5174:1:cmd_color	16	static
main.c:2994:1:cmd_threshold	8	static
main.c:5107:1:cmd_vbat_offset	8	static
main.c:3588:1:cmd_dump	392	static
main.c:3035:1:cmd_data	0	static
main.c:2823:1:cmd_config	16	static
main.c:2789:1:cmd_reset	8	static
main.c:3864:1:cmd_tcxo	8	static
main.c:5099:1:cmd_vbat	0	static
main.c:5344:1:cmd_release	16	static
main.c:5337:1:cmd_touch	16	static
main.c:4523:1:cmd_save	8	static
main.c:5443:1:cmd_msg	16	static
main.c:4852:1:cmd_touchtest	0	static
main.c:4840:1:cmd_touchcal	8	static
main.c:3016:1:cmd_clearconfig	8	static
main.c:3008:1:cmd_saveconfig	0	static
main.c:5361:16:cmd_sd_card_mount	0	static
main.c:5425:1:cmd_sd_delete	8	static
main.c:5395:1:cmd_sd_read	24	static
main.c:5369:1:cmd_sd_list	168	static
main.c:2941:1:cmd_time	24	static
main.c:2889:1:cmd_offset	8	static
main.c:3418:17:get_sweep_mask	8	static
main.c:4071:1:eterm_set.constprop	0	static
main.c:5163:1:cmd_info	0	static
main.c:4859:1:cmd_frequencies	0	static
main.c:5092:1:cmd_version	0	static
main.c:940:6:mla_is_resonance_centered	0	static
main.c:1206:6:set_smooth_factor	0	static
main.c:2809:1:cmd_smooth	8	static
main.c:1214:9:get_smooth_factor	0	static
main.c:1273:6:drawBarGraph	32	static
main.c:1361:6:displaySWR	32	static
main.c:1550:6:displayTargetFrequency	56	static
main.c:2523:6:pause_sweep	0	static
main.c:2772:1:cmd_pause	0	static
main.c:2902:1:cmd_freq	8	static
main.c:2534:6:toggle_sweep	0	static
main.c:2550:7:bessel_I0_ext	0	static
main.c:2735:5:shell_printf	0	static
main.c:2915:6:set_power	8	static
main.c:2928:1:cmd_power	8	static
main.c:3055:6:capture_rle8	48	static
main.c:3092:1:cmd_capture	24	static
main.c:3368:6:i2s_lld_serve_rx_interrupt	16	static
main.c:3638:6:set_bandwidth	0	static
main.c:3652:1:cmd_bandwidth	8	static
main.c:3644:10:get_bandwidth_frequency	0	static
main.c:3738:8:getFrequency	4	static
main.c:3477:13:sweep	168	static
main.c:3755:1:cmd_scan	32	static
main.c:3856:1:cmd_scan_bin	8	static
main.c:595:13:mla_update_bandwidth_swr2	24	static
main.c:3739:8:getFrequencyStep	0	static
main.c:3876:6:set_marker_index	24	static
main.c:3927:1:update_frequencies	40	static
main.c:3331:5:load_properties	8	static
main.c:4535:1:cmd_recall	8	static
main.c:3679:6:set_sweep_points	0	static
main.c:2779:1:cmd_resume	8	static
main.c:4779:1:cmd_marker	24	static
main.c:3888:8:get_marker_frequency	0	static
main.c:3947:6:set_sweep_frequency	8	static
main.c:4022:1:cmd_sweep	24	static
main.c:4014:6:reset_sweep_frequency	0	static
main.c:4281:6:cal_collect	24	static
main.c:4358:6:cal_done	16	static
main.c:4470:1:cmd_cal	8	static
main.c:4550:13:get_trace_chname	0	static
main.c:4573:6:set_trace_channel	0	static
main.c:4583:6:set_active_trace	0	static
main.c:4591:6:set_trace_scale	0	static
main.c:4600:6:set_trace_refpos	0	static
main.c:4555:6:set_trace_type	16	static
main.c:1677:8:Thread1	88	static
main.c:4609:6:set_trace_enable	8	static
main.c:4650:1:cmd_trace	24	static
main.c:4625:6:set_electrical_delay	0	static
main.c:4745:1:cmd_edelay	16	static
main.c:4633:7:get_electrical_delay	0	static
main.c:4641:6:set_s21_offset	0	static
main.c:4769:1:cmd_s21offset	8	static
main.c:5311:6:send_region	16	static
main.c:5841:6:VNAShell_executeCMDLine	8	static
main.c:5855:6:sd_card_load_config	32	static
main.c:5925:5:main	48	static
