main.c:470:14:getSWRfromIndex	0	static
main.c:2725:13:shell_write	4	static
main.c:4103:1:eterm_calc_er	4	static
main.c:4847:1:set_domain_mode	8	static
main.c:4378:13:cal_interpolate	56	static
main.c:5298:1:cmd_refresh	8	static
main.c:5268:1:cmd_usart	88	static
main.c:5319:1:cmd_release	16	static
main.c:5312:1:cmd_touch	16	static
main.c:4827:1:cmd_touchtest	0	static
main.c:3393:17:get_sweep_mask	8	static
main.c:4046:1:eterm_set.constprop	0	static
main.c:32:5:serial_shell_printf	16	static
main.c:760:14:mla_calc_q_after_sweep	40	static
main.c:940:6:mla_is_resonance_centered	16	static
main.c:1206:6:set_smooth_factor	0	static
main.c:1214:9:get_smooth_factor	0	static
main.c:1273:6:drawBarGraph	32	static
main.c:1361:6:displaySWR	32	static
main.c:1550:6:displayTargetFrequency	56	static
main.c:2505:6:pause_sweep	0	static
main.c:2747:1:cmd_pause	0	static
main.c:2516:6:toggle_sweep	0	static
main.c:2532:7:bessel_I0_ext	0	static
main.c:2713:5:shell_printf	16	static
main.c:5718:31:VNAShell_parceLine	16	static
main.c:5149:1:cmd_color	16	static
main.c:2731:1:cmd_reson	0	static
main.c:5067:1:cmd_version	0	static
main.c:5138:1:cmd_info	8	static
main.c:5580:1:cmd_help	8	static
main.c:2969:1:cmd_threshold	8	static
main.c:4869:1:cmd_transform	16	static
main.c:5082:1:cmd_vbat_offset	8	static
main.c:2798:1:cmd_config	16	static
main.c:2784:1:cmd_smooth	8	static
main.c:2764:1:cmd_reset	8	static
main.c:3839:1:cmd_tcxo	8	static
main.c:5074:1:cmd_vbat	8	static
main.c:2835:1:cmd_measure	8	static
main.c:4498:1:cmd_save	8	static
main.c:5418:1:cmd_msg	16	static
main.c:4815:1:cmd_touchcal	16	static
main.c:3563:1:cmd_dump	400	static
main.c:2991:1:cmd_clearconfig	8	static
main.c:2983:1:cmd_saveconfig	8	static
main.c:5336:16:cmd_sd_card_mount	8	static
main.c:5400:1:cmd_sd_delete	8	static
main.c:5370:1:cmd_sd_read	24	static
main.c:5344:1:cmd_sd_list	168	static
main.c:2916:1:cmd_time	56	static
main.c:2864:1:cmd_offset	8	static
main.c:2877:1:cmd_freq	8	static
main.c:3010:1:cmd_data	32	static
main.c:2890:6:set_power	8	static
main.c:2903:1:cmd_power	8	static
main.c:3030:6:capture_rle8	48	static
main.c:3067:1:cmd_capture	24	static
main.c:3343:6:i2s_lld_serve_rx_interrupt	16	static
main.c:3613:6:set_bandwidth	0	static
main.c:3627:1:cmd_bandwidth	32	static
main.c:3619:10:get_bandwidth_frequency	0	static
main.c:3713:8:getFrequency	4	static
main.c:3452:13:sweep	168	static
main.c:4834:1:cmd_frequencies	16	static
main.c:3730:1:cmd_scan	40	static
main.c:3831:1:cmd_scan_bin	8	static
main.c:595:13:mla_update_bandwidth_swr2	64	static
main.c:3714:8:getFrequencyStep	0	static
main.c:3851:6:set_marker_index	24	static
main.c:3902:1:update_frequencies	40	static
main.c:3306:5:load_properties	8	static
main.c:4510:1:cmd_recall	8	static
main.c:3654:6:set_sweep_points	0	static
main.c:2754:1:cmd_resume	8	static
main.c:4754:1:cmd_marker	24	static
main.c:3863:8:get_marker_frequency	0	static
main.c:3922:6:set_sweep_frequency	8	static
main.c:3997:1:cmd_sweep	24	static
main.c:3989:6:reset_sweep_frequency	0	static
main.c:4256:6:cal_collect	24	static
main.c:4333:6:cal_done	16	static
main.c:4445:1:cmd_cal	16	static
main.c:4525:13:get_trace_chname	0	static
main.c:4548:6:set_trace_channel	0	static
main.c:4558:6:set_active_trace	0	static
main.c:4566:6:set_trace_scale	0	static
main.c:4575:6:set_trace_refpos	0	static
main.c:4530:6:set_trace_type	16	static
main.c:1677:8:Thread1	160	static
main.c:4584:6:set_trace_enable	8	static
main.c:4625:1:cmd_trace	40	static
main.c:4600:6:set_electrical_delay	0	static
main.c:4720:1:cmd_edelay	16	static
main.c:4608:7:get_electrical_delay	0	static
main.c:4616:6:set_s21_offset	0	static
main.c:4744:1:cmd_s21offset	8	static
main.c:5286:6:send_region	16	static
main.c:5610:6:shell_update_speed	0	static
main.c:5254:1:cmd_usart_cfg	8	static
main.c:5624:6:shell_reset_console	8	static
main.c:5810:6:VNAShell_executeCMDLine	8	static
main.c:5824:6:sd_card_load_config	32	static
main.c:5894:5:main	40	static
