plot.c:165:12:smith_grid	0	static
plot.c:372:13:cell_blit_bitmap	24	static
plot.c:515:13:mark_line	0	static
plot.c:535:13:mark_set_index	32	static
plot.c:576:13:invalidate_rect_func	0	static
plot.c:650:14:real	0	static
plot.c:659:14:imag	0	static
plot.c:690:14:resistance	0	static
plot.c:1046:14:time_of_index	0	static
plot.c:1052:14:distance_of_index	8	static
plot.c:1199:13:_greater	0	static
plot.c:1200:13:_lesser	0	static
measure.c:31:13:match_quadratic_equation	0	static
measure.c:82:13:_greaterf	0	static
measure.c:83:13:_lesserf	0	static
measure.c:383:14:s21pow2	0	static
measure.c:389:14:s21tan	0	static
measure.c:650:14:s11imag	0	static
plot.c:1719:12:cell_string_width	4	static
plot.c:1759:13:cell_drawstring_big	88	static
plot.c:884:7:groupdelay_from_array	8	static
plot.c:626:14:phase	8	static
plot.c:597:14:get_w	8	static
measure.c:658:14:s11index	8	static
measure.c:51:14:measure_search_value	56	static
plot.c:492:12:cell_printf	24	static
measure.c:739:13:draw_s11_resonance	48	static
measure.c:662:13:draw_s11_cable	48	static
measure.c:547:13:draw_s21_pass	32	static
measure.c:559:13:draw_filter_result	56	static
measure.c:487:13:draw_serial_result	48	static
measure.c:320:13:lc_match_x_str	32	static
measure.c:339:13:draw_lc_match	40	static
plot.c:1003:13:trace_print_value_string	80	static
measure.c:595:13:find_filter_pass	40	static
plot.c:1153:12:marker_area_max	16	static
plot.c:1679:13:cell_fill_bg_rect.constprop	8	static
measure.c:84:14:search_peak_value.constprop	40	static
measure.c:610:13:prepare_filter	24	static
measure.c:433:13:analysis_lcseries	40	static
plot.c:483:14:cellPut	80	static
plot.c:761:14:conductance	0	static
plot.c:778:14:parallel_r	8	static
plot.c:855:14:s21series_r	0	static
plot.c:767:14:susceptance	0	static
plot.c:791:14:parallel_x	8	static
plot.c:815:14:parallel_l	16	static
plot.c:808:14:parallel_c	16	static
plot.c:861:14:s21series_x	0	static
plot.c:615:14:logmag	0	static
measure.c:654:14:s11loss	8	static
measure.c:395:14:s21logmag	0	static
plot.c:709:14:phase_z	8	static
plot.c:875:14:s21_qualityfactor	0	static
plot.c:867:14:s21series_z	0	static
plot.c:847:14:s21shunt_z	0	static
plot.c:741:14:qualityfactor	0	static
plot.c:702:14:mod_z	0	static
plot.c:822:14:mod_y	8	static
plot.c:606:14:linear	0	static
plot.c:668:14:swr	8	static
plot.c:841:14:s21shunt_x	0	static
plot.c:696:14:reactance	0	static
measure.c:735:14:s11_resonance_min	8	static
plot.c:730:14:series_l	16	static
plot.c:723:14:series_c	16	static
measure.c:301:13:prepare_lc_match	40	static
plot.c:835:14:s21shunt_r	0	static
measure.c:731:14:s11_resonance_value	0	static
measure.c:116:13:measure_get_value.constprop	48	static
measure.c:749:13:add_resonance_value	32	static
measure.c:761:13:prepare_s11_resonance	32	static
plot.c:239:6:update_grid	24	static
plot.c:963:13:get_trace_typename	0	static
plot.c:970:13:get_smith_format_names	0	static
plot.c:1077:9:getStoredTraces	0	static
plot.c:1139:6:request_to_draw_marker	16	static
plot.c:1184:13:markmap_all_markers	16	static
measure.c:508:13:prepare_series	40	static
plot.c:1202:6:marker_search	32	static
plot.c:1223:6:marker_search_dir	32	static
plot.c:1253:5:distance_to_index	4	static
plot.c:1261:5:search_nearest_index	32	static
measure.c:152:6:parabolic_regression	64	static
measure.c:681:13:prepare_s11_cable	32	static
measure.c:183:6:linear_regression	56	static
plot.c:1377:10:plot_get_measure_channels	0	static
plot.c:2431:6:set_area_size	0	static
plot.c:2757:6:request_to_redraw	0	static
plot.c:1062:6:toogleStoredTrace	16	static
plot.c:1308:6:request_to_draw_cells_behind_menu	8	static
plot.c:1368:6:plot_set_measure_mode	4	static
plot.c:2710:6:draw_all	272	static
plot.c:2481:6:redraw_marker	8	static
plot.c:2762:6:plot_init	8	static
