ChibiOS/os/common/ext/CMSIS/include/core_cm4.h:1721:22:NVIC_SystemReset	0	static
ui.c:301:17:get_buttons	0	static
ui.c:716:13:touch_position	20	static
ui.c:1146:8:menu_reboot_cb	8	static
ui.c:1281:8:menu_transform_window_acb	8	static
ui.c:1322:8:menu_transform_filter_acb	0	static
ui.c:1717:8:menu_marker_tracking_acb	0	static
ui.c:1741:8:menu_measure_cb	0	static
vna_modules/vna_browser.c:48:13:browser_get_button_pos	20	static
vna_modules/vna_browser.c:254:12:browser_get_max	0	static
ui.c:3200:8:menu_rtc_out_acb	0	static
ui.c:4119:6:ui_keyboard_cb	0	static
ui.c:4177:12:period_pos	0	static
ui.c:4493:15:step_round	0	static
ui.c:484:13:touch_stop_watchdog	0	static
ui.c:446:13:touch_prepare_sense	8	static
ui.c:408:12:touch_measure_y	8	static
ui.c:425:12:touch_measure_x	8	static
ui.c:441:1:touch_status	8	static
ui.c:528:12:touch_check	24	static
ui.c:622:20:touch_wait_release	8	static
ui.c:1016:8:menu_cal_enh_acb	0	static
ui.c:1068:8:menu_cal_apply_acb	0	static
ui.c:1038:8:menu_cal_reset_cb	0	static
ui.c:983:13:select_lever_mode	8	static
ui.c:1307:8:menu_transform_acb	8	static
ui.c:1814:8:menu_marker_delta_acb	0	static
ui.c:1804:8:menu_marker_disable_all_cb	0	static
ui.c:1770:8:menu_marker_sel_acb	24	static
ui.c:312:17:btn_check	16	static
ui.c:339:17:btn_wait_release	32	static
ui.c:629:13:ui_draw_button	32	static
vna_modules/vna_browser.c:66:13:browser_draw_button	80	static
vna_modules/vna_browser.c:164:13:browser_draw_buttons	8	static
ui.c:686:13:getTouchPoint	32	static
ui.c:4441:13:ui_mode_normal	8	static
ui.c:1344:8:menu_bandwidth_acb	8	static
ui.c:1466:8:menu_points_acb	0	static
ui.c:4126:13:keypad_draw_button	72	static
ui.c:4355:13:ui_mode_keypad	24	static
ui.c:1504:8:menu_keyboard_acb	0	static
ui.c:1517:8:menu_scale_keyboard_acb	4	static
ui.c:1491:8:menu_power_acb	0	static
ui.c:1538:1:menu_auto_scale_cb	48	static
ui.c:1854:8:menu_offset_acb	0	static
ui.c:2472:8:load_cmd	40	static
ui.c:2456:8:save_bin	16	static
ui.c:2428:8:save_cal	16	static
ui.c:2437:8:load_cal	16	static
ui.c:2382:8:load_tiff	56	static
ui.c:2352:8:save_tiff	40	static
ui.c:2251:8:load_bmp	32	static
ui.c:2234:8:save_bmp	40	static
ui.c:2118:8:load_snp	128	static
ui.c:2089:8:save_snp	72	static
vna_modules/vna_browser.c:86:16:sd_findnext	24	static
ui.c:1081:8:menu_recall_acb	40	static
ui.c:1048:8:menu_cal_range_acb	32	static
ui.c:992:8:menu_calop_acb	16	static
ui.c:2649:8:menu_stored_trace_acb	16	static
ui.c:1175:8:menu_trace_acb	4	static
ui.c:1216:8:menu_marker_smith_acb	8	static
ui.c:1441:8:menu_smooth_acb	16	static
ui.c:1261:8:menu_channel_acb	0	static
ui.c:1708:8:menu_marker_search_dir_cb	8	static
ui.c:2631:8:menu_band_sel_acb	0	static
ui.c:1886:8:menu_brightness_acb	16	static
ui.c:3993:1:input_date_time	24	static
ui.c:473:13:touch_start_watchdog	8	static
ui.c:4371:13:keypad_click	32	static
ui.c:4383:13:ui_keypad_touch	16	static
ui.c:4412:13:ui_keypad_lever	24	static
ui.c:1661:8:menu_marker_op_cb	16	static
ui.c:3478:13:menu_draw	88	static
ui.c:3307:12:current_menu_get_count	0	static
ui.c:3328:13:ensure_selection	8	static
ui.c:3358:13:menu_push_submenu	0	static
ui.c:1198:8:menu_traces_acb	0	static
ui.c:1454:8:menu_points_sel_acb	0	static
ui.c:1867:8:menu_offset_sel_acb	0	static
ui.c:1333:8:menu_bandwidth_sel_acb	8	static
ui.c:1479:8:menu_power_sel_acb	0	static
ui.c:3376:13:menu_invoke	8	static
ui.c:3342:13:menu_move_back	8	static
ui.c:2663:8:menu_back_cb	0	static
ui.c:1157:8:menu_save_acb	32	static
ui.c:1030:8:menu_caldone_cb	8	static
ui.c:3491:13:ui_mode_menu	8	static
ui.c:4670:13:ui_normal_lever	24	static
ui.c:1730:8:menu_measure_acb	8	static
ui.c:3533:13:ui_menu_touch	16	static
ui.c:3503:13:ui_menu_lever	16	static
ui.c:1232:8:menu_format_acb	24	static
ui.c:566:5:touch_checkHB9IIU	32	static
ui.c:655:6:ui_message_box	64	static
vna_modules/vna_browser.c:171:13:browser_draw_page	192	static
ui.c:2553:13:ui_save_file	64	static
ui.c:2618:8:menu_sdcard_cb	8	static
ui.c:4741:13:ui_normal_touch	80	static
ui.c:4057:1:input_filename	0	static
vna_modules/vna_browser.c:221:13:browser_key_press	192	static
vna_modules/vna_browser.c:275:13:ui_browser_touch	40	static
vna_modules/vna_browser.c:294:13:ui_browser_lever	24	static
ui.c:699:6:ui_touch_cal_exec	16	static
ui.c:748:6:ui_touch_draw_test	48	static
ui.c:1107:8:menu_config_cb	32	static
ui.c:906:6:ui_show_versionNEW	8	static
ui.c:970:6:ui_enter_dfu	8	static
ui.c:1140:8:menu_dfu_cb	0	static
ui.c:1390:6:apply_VNA_mode	16	static
ui.c:1426:8:menu_vna_mode_acb	16	static
ui.c:1642:6:auto_scale_current_trace	0	static
ui.c:1945:6:ui_show_no_resonance_hint	8	static
ui.c:1985:6:ui_hide_check_amtenna_hint	8	static
ui.c:2000:6:ui_show_check_amtenna_hint	8	static
ui.c:2044:6:ui_hide_no_resonance_hint	8	static
vna_modules/vna_browser.c:261:6:ui_mode_browser	16	static
ui.c:2611:8:menu_sdcard_browse_cb	0	static
ui.c:3791:7:keyboard_get_float	0	static
ui.c:3810:1:input_var_delay	16	static
ui.c:3834:1:input_amplitude	48	static
ui.c:3863:1:input_scale	8	static
ui.c:3871:1:input_ref	8	static
ui.c:3879:1:input_edelay	24	static
ui.c:3893:1:input_s21_offset	8	static
ui.c:3917:1:input_cable_len	24	static
ui.c:3965:1:input_measure_r	8	static
ui.c:4044:1:input_rtc_cal	8	static
ui.c:3792:8:keyboard_get_freq	0	static
ui.c:3797:1:input_freq	8	static
ui.c:3953:1:input_vbat	8	static
ui.c:3942:1:input_harmonic	8	static
ui.c:3931:1:input_xtal	8	static
ui.c:3904:1:input_velocity	8	static
ui.c:3823:1:input_points	8	static
ui.c:3793:10:keyboard_get_uint	0	static
ui.c:3794:9:keyboard_get_int	0	static
ui.c:4792:6:ui_process	16	static
ui.c:4805:6:handle_button_interrupt	0	static
ui.c:4814:6:handle_touch_interrupt	0	static
ui.c:462:6:remote_touch_set	0	static
ui.c:4873:6:ui_init	8	static
ui.c:4887:6:ui_close_all	8	static
