ChibiOS/os/common/ext/CMSIS/include/core_cm4.h:1721:22:NVIC_SystemReset	0	static
ui.c:307:17:get_buttons	0	static
ui.c:731:13:touch_position	20	static
ui.c:1052:8:menu_reboot_cb	8	static
ui.c:1188:8:menu_transform_window_acb	8	static
ui.c:1229:8:menu_transform_filter_acb	0	static
ui.c:1624:8:menu_marker_tracking_acb	0	static
ui.c:1648:8:menu_measure_cb	0	static
vna_modules/vna_browser.c:48:13:browser_get_button_pos	20	static
vna_modules/vna_browser.c:254:12:browser_get_max	0	static
ui.c:3112:8:menu_rtc_out_acb	0	static
ui.c:4032:6:ui_keyboard_cb	0	static
ui.c:4090:12:period_pos	0	static
ui.c:4406:15:step_round	0	static
ui.c:490:13:touch_stop_watchdog	0	static
ui.c:452:13:touch_prepare_sense	8	static
ui.c:414:12:touch_measure_y	8	static
ui.c:431:12:touch_measure_x	8	static
ui.c:447:1:touch_status	8	static
ui.c:534:12:touch_check	24	static
ui.c:637:20:touch_wait_release	8	static
ui.c:922:8:menu_cal_enh_acb	0	static
ui.c:974:8:menu_cal_apply_acb	0	static
ui.c:944:8:menu_cal_reset_cb	0	static
ui.c:889:13:select_lever_mode	8	static
ui.c:1214:8:menu_transform_acb	8	static
ui.c:1726:8:menu_marker_delta_acb	0	static
ui.c:1716:8:menu_marker_disable_all_cb	0	static
ui.c:1682:8:menu_marker_sel_acb	24	static
ui.c:318:17:btn_check	16	static
ui.c:345:17:btn_wait_release	32	static
ui.c:644:13:ui_draw_button	32	static
vna_modules/vna_browser.c:66:13:browser_draw_button	80	static
vna_modules/vna_browser.c:164:13:browser_draw_buttons	8	static
ui.c:701:13:getTouchPoint	32	static
ui.c:4354:13:ui_mode_normal	8	static
ui.c:1251:8:menu_bandwidth_acb	8	static
ui.c:1373:8:menu_points_acb	0	static
ui.c:4039:13:keypad_draw_button	72	static
ui.c:4268:13:ui_mode_keypad	24	static
ui.c:1411:8:menu_keyboard_acb	0	static
ui.c:1424:8:menu_scale_keyboard_acb	4	static
ui.c:1398:8:menu_power_acb	0	static
ui.c:1445:1:menu_auto_scale_cb	48	static
ui.c:1766:8:menu_offset_acb	0	static
ui.c:2384:8:load_cmd	40	static
ui.c:2368:8:save_bin	16	static
ui.c:2340:8:save_cal	16	static
ui.c:2349:8:load_cal	16	static
ui.c:2294:8:load_tiff	56	static
ui.c:2264:8:save_tiff	40	static
ui.c:2163:8:load_bmp	32	static
ui.c:2146:8:save_bmp	40	static
ui.c:2030:8:load_snp	128	static
ui.c:2001:8:save_snp	72	static
vna_modules/vna_browser.c:86:16:sd_findnext	24	static
ui.c:987:8:menu_recall_acb	40	static
ui.c:954:8:menu_cal_range_acb	32	static
ui.c:898:8:menu_calop_acb	16	static
ui.c:2561:8:menu_stored_trace_acb	16	static
ui.c:1082:8:menu_trace_acb	4	static
ui.c:1123:8:menu_marker_smith_acb	8	static
ui.c:1348:8:menu_smooth_acb	16	static
ui.c:1168:8:menu_channel_acb	0	static
ui.c:1615:8:menu_marker_search_dir_cb	8	static
ui.c:1739:8:menu_serial_speed_acb	0	static
ui.c:2543:8:menu_band_sel_acb	0	static
ui.c:1798:8:menu_brightness_acb	16	static
ui.c:3906:1:input_date_time	24	static
ui.c:479:13:touch_start_watchdog	8	static
ui.c:4284:13:keypad_click	32	static
ui.c:4296:13:ui_keypad_touch	16	static
ui.c:4325:13:ui_keypad_lever	24	static
ui.c:1568:8:menu_marker_op_cb	16	static
ui.c:3391:13:menu_draw	88	static
ui.c:3220:12:current_menu_get_count	0	static
ui.c:3241:13:ensure_selection	8	static
ui.c:3271:13:menu_push_submenu	0	static
ui.c:1105:8:menu_traces_acb	0	static
ui.c:1361:8:menu_points_sel_acb	0	static
ui.c:1753:8:menu_serial_speed_sel_acb	0	static
ui.c:1779:8:menu_offset_sel_acb	0	static
ui.c:1240:8:menu_bandwidth_sel_acb	8	static
ui.c:1386:8:menu_power_sel_acb	0	static
ui.c:3289:13:menu_invoke	8	static
ui.c:3255:13:menu_move_back	8	static
ui.c:2575:8:menu_back_cb	0	static
ui.c:1064:8:menu_save_acb	32	static
ui.c:936:8:menu_caldone_cb	8	static
ui.c:3404:13:ui_mode_menu	8	static
ui.c:4583:13:ui_normal_lever	24	static
ui.c:1637:8:menu_measure_acb	8	static
ui.c:3446:13:ui_menu_touch	16	static
ui.c:3416:13:ui_menu_lever	16	static
ui.c:1139:8:menu_format_acb	24	static
ui.c:576:5:touch_checkHB9IIU	32	static
ui.c:670:6:ui_message_box	64	static
vna_modules/vna_browser.c:171:13:browser_draw_page	192	static
ui.c:2465:13:ui_save_file	64	static
ui.c:2530:8:menu_sdcard_cb	8	static
ui.c:4654:13:ui_normal_touch	80	static
ui.c:3970:1:input_filename	0	static
vna_modules/vna_browser.c:221:13:browser_key_press	192	static
vna_modules/vna_browser.c:275:13:ui_browser_touch	40	static
vna_modules/vna_browser.c:294:13:ui_browser_lever	24	static
ui.c:714:6:ui_touch_cal_exec	16	static
ui.c:763:6:ui_touch_draw_test	48	static
ui.c:1013:8:menu_config_cb	32	static
ui.c:810:6:ui_show_versionNEW	8	static
ui.c:876:6:ui_enter_dfu	8	static
ui.c:1046:8:menu_dfu_cb	0	static
ui.c:1297:6:apply_VNA_mode	16	static
ui.c:1333:8:menu_vna_mode_acb	16	static
ui.c:1549:6:auto_scale_current_trace	0	static
ui.c:1857:6:ui_show_no_resonance_hint	8	static
ui.c:1897:6:ui_hide_check_amtenna_hint	8	static
ui.c:1912:6:ui_show_check_amtenna_hint	8	static
ui.c:1956:6:ui_hide_no_resonance_hint	8	static
vna_modules/vna_browser.c:261:6:ui_mode_browser	16	static
ui.c:2523:8:menu_sdcard_browse_cb	0	static
ui.c:3704:7:keyboard_get_float	0	static
ui.c:3723:1:input_var_delay	16	static
ui.c:3747:1:input_amplitude	48	static
ui.c:3776:1:input_scale	8	static
ui.c:3784:1:input_ref	8	static
ui.c:3792:1:input_edelay	24	static
ui.c:3806:1:input_s21_offset	8	static
ui.c:3830:1:input_cable_len	24	static
ui.c:3878:1:input_measure_r	8	static
ui.c:3957:1:input_rtc_cal	8	static
ui.c:3705:8:keyboard_get_freq	0	static
ui.c:3710:1:input_freq	8	static
ui.c:3866:1:input_vbat	8	static
ui.c:3855:1:input_harmonic	8	static
ui.c:3844:1:input_xtal	8	static
ui.c:3817:1:input_velocity	8	static
ui.c:3736:1:input_points	8	static
ui.c:3706:10:keyboard_get_uint	0	static
ui.c:3707:9:keyboard_get_int	0	static
ui.c:4706:6:ui_process	16	static
ui.c:4719:6:handle_button_interrupt	0	static
ui.c:4728:6:handle_touch_interrupt	0	static
ui.c:468:6:remote_touch_set	0	static
ui.c:4788:6:ui_init	8	static
ui.c:4803:6:ui_close_all	8	static
