Archive member included to satisfy reference by file (symbol)

C:/Program Files (x86)/Arm GNU Toolchain arm-none-eabi/14.3 rel1/bin/../lib/gcc/arm-none-eabi/14.3.1/../../../../arm-none-eabi/lib/thumb/v7e-m+fp/hard\libm.a(libm_a-sf_infinity.o)
                              build/obj/chprintf.o (infinityf)
C:/Program Files (x86)/Arm GNU Toolchain arm-none-eabi/14.3 rel1/bin/../lib/gcc/arm-none-eabi/14.3.1/thumb/v7e-m+fp/hard\libgcc.a(_arm_addsubdf3.o)
                              build/obj/plot.o (__aeabi_f2d)
C:/Program Files (x86)/Arm GNU Toolchain arm-none-eabi/14.3 rel1/bin/../lib/gcc/arm-none-eabi/14.3.1/thumb/v7e-m+fp/hard\libgcc.a(_arm_truncdfsf2.o)
                              build/obj/chprintf.o (__aeabi_d2f)
C:/Program Files (x86)/Arm GNU Toolchain arm-none-eabi/14.3 rel1/bin/../lib/gcc/arm-none-eabi/14.3.1/thumb/v7e-m+fp/hard\libgcc.a(_arm_addsubsf3.o)
                              build/obj/dsp.o (__aeabi_l2f)
C:/Program Files (x86)/Arm GNU Toolchain arm-none-eabi/14.3 rel1/bin/../lib/gcc/arm-none-eabi/14.3.1/thumb/v7e-m+fp/hard\libgcc.a(_aeabi_uldivmod.o)
                              build/obj/ff.o (__aeabi_uldivmod)
C:/Program Files (x86)/Arm GNU Toolchain arm-none-eabi/14.3 rel1/bin/../lib/gcc/arm-none-eabi/14.3.1/thumb/v7e-m+fp/hard\libgcc.a(_udivmoddi4.o)
                              C:/Program Files (x86)/Arm GNU Toolchain arm-none-eabi/14.3 rel1/bin/../lib/gcc/arm-none-eabi/14.3.1/thumb/v7e-m+fp/hard\libgcc.a(_aeabi_uldivmod.o) (__udivmoddi4)
C:/Program Files (x86)/Arm GNU Toolchain arm-none-eabi/14.3 rel1/bin/../lib/gcc/arm-none-eabi/14.3.1/thumb/v7e-m+fp/hard\libgcc.a(_dvmd_tls.o)
                              C:/Program Files (x86)/Arm GNU Toolchain arm-none-eabi/14.3 rel1/bin/../lib/gcc/arm-none-eabi/14.3.1/thumb/v7e-m+fp/hard\libgcc.a(_aeabi_uldivmod.o) (__aeabi_ldiv0)
C:/Program Files (x86)/Arm GNU Toolchain arm-none-eabi/14.3 rel1/bin/../lib/gcc/arm-none-eabi/14.3.1/../../../../arm-none-eabi/lib/thumb/v7e-m+fp/hard\libg_nano.a(libc_a-memmove.o)
                              build/obj/ui.o (memmove)
C:/Program Files (x86)/Arm GNU Toolchain arm-none-eabi/14.3 rel1/bin/../lib/gcc/arm-none-eabi/14.3.1/../../../../arm-none-eabi/lib/thumb/v7e-m+fp/hard\libg_nano.a(libc_a-memset.o)
                              build/obj/crt1.o (memset)
C:/Program Files (x86)/Arm GNU Toolchain arm-none-eabi/14.3 rel1/bin/../lib/gcc/arm-none-eabi/14.3.1/../../../../arm-none-eabi/lib/thumb/v7e-m+fp/hard\libg_nano.a(libc_a-strncpy.o)
                              build/obj/main.o (strncpy)
C:/Program Files (x86)/Arm GNU Toolchain arm-none-eabi/14.3 rel1/bin/../lib/gcc/arm-none-eabi/14.3.1/../../../../arm-none-eabi/lib/thumb/v7e-m+fp/hard\libg_nano.a(libc_a-memcpy-stub.o)
                              build/obj/hal_buffers.o (memcpy)
C:/Program Files (x86)/Arm GNU Toolchain arm-none-eabi/14.3 rel1/bin/../lib/gcc/arm-none-eabi/14.3.1/../../../../arm-none-eabi/lib/thumb/v7e-m+fp/hard\libg_nano.a(libc_a-strlen.o)
                              build/obj/ui.o (strlen)

Discarded input sections

 .data          0x00000000        0x0 build/obj/crt0_v7m.o
 .bss           0x00000000        0x0 build/obj/crt0_v7m.o
 .data          0x00000000        0x0 build/obj/chcoreasm_v7m.o
 .bss           0x00000000        0x0 build/obj/chcoreasm_v7m.o
 .text          0x00000000        0x0 build/obj/crt1.o
 .data          0x00000000        0x0 build/obj/crt1.o
 .bss           0x00000000        0x0 build/obj/crt1.o
 .text.__early_init
                0x00000000        0x4 build/obj/crt1.o
 .text          0x00000000        0x0 build/obj/vectors.o
 .data          0x00000000        0x0 build/obj/vectors.o
 .bss           0x00000000        0x0 build/obj/vectors.o
 .text          0x00000000        0x0 build/obj/chsys.o
 .data          0x00000000        0x0 build/obj/chsys.o
 .bss           0x00000000        0x0 build/obj/chsys.o
 .text.chSysIntegrityCheckI
                0x00000000       0x7c build/obj/chsys.o
 .text.chSysGetStatusAndLockX
                0x00000000       0x14 build/obj/chsys.o
 .text.chSysRestoreStatusX
                0x00000000       0x20 build/obj/chsys.o
 .text.chSysIsCounterWithinX
                0x00000000       0x10 build/obj/chsys.o
 .text.chSysPolledDelayX
                0x00000000       0x14 build/obj/chsys.o
 .text          0x00000000        0x0 build/obj/chdebug.o
 .data          0x00000000        0x0 build/obj/chdebug.o
 .bss           0x00000000        0x0 build/obj/chdebug.o
 .debug_info    0x00000000       0x73 build/obj/chdebug.o
 .debug_abbrev  0x00000000       0x26 build/obj/chdebug.o
 .debug_aranges
                0x00000000       0x18 build/obj/chdebug.o
 .debug_line    0x00000000       0x3c build/obj/chdebug.o
 .debug_str     0x00000000      0x24d build/obj/chdebug.o
 .comment       0x00000000       0x47 build/obj/chdebug.o
 .ARM.attributes
                0x00000000       0x30 build/obj/chdebug.o
 .text          0x00000000        0x0 build/obj/chtrace.o
[...]
Memory Configuration

Name             Origin             Length             Attributes
flash0           0x08000000         0x00023800
flash1           0x00000000         0x00000000
flash2           0x00000000         0x00000000
flash3           0x00000000         0x00000000
flash4           0x00000000         0x00000000
flash5           0x00000000         0x00000000
flash6           0x00000000         0x00000000
flash7           0x0801c800         0x0001c800
ram0             0x20000000         0x0000a000
ram1             0x00000000         0x00000000
ram2             0x00000000         0x00000000
ram3             0x00000000         0x00000000
ram4             0x10000000         0x00002000
ram5             0x00000000         0x00000000
ram6             0x00000000         0x00000000
ram7             0x00000000         0x00000000
*default*        0x00000000         0xffffffff

Linker script and memory map

LOAD build/obj/crt0_v7m.o
LOAD build/obj/chcoreasm_v7m.o
LOAD build/obj/crt1.o
LOAD build/obj/vectors.o
LOAD build/obj/chsys.o
LOAD build/obj/chdebug.o
LOAD build/obj/chtrace.o
LOAD build/obj/chvt.o
LOAD build/obj/chschd.o
LOAD build/obj/chthreads.o
LOAD build/obj/chcore.o
LOAD build/obj/chcore_v7m.o
LOAD build/obj/osal.o
LOAD build/obj/hal.o
LOAD build/obj/hal_st.o
LOAD build/obj/hal_buffers.o
LOAD build/obj/hal_queues.o
LOAD build/obj/hal_mmcsd.o
LOAD build/obj/hal_serial.o
LOAD build/obj/hal_serial_usb.o
LOAD build/obj/hal_usb.o
LOAD build/obj/nvic.o
LOAD build/obj/hal_lld.o
LOAD build/obj/stm32_dma.o
LOAD build/obj/hal_st_lld.o
LOAD build/obj/hal_serial_lld.o
LOAD build/obj/hal_usb_lld.o
LOAD build/obj/board.o
LOAD build/obj/chprintf.o
LOAD build/obj/memstreams.o
LOAD build/obj/nullstreams.o
LOAD build/obj/ff.o
LOAD build/obj/ffunicode.o
LOAD build/obj/numfont16x22.o
LOAD build/obj/Font5x7.o
LOAD build/obj/Font6x10.o
LOAD build/obj/Font7x11b.o
LOAD build/obj/Font11x14.o
LOAD build/obj/usbcfg.o
LOAD build/obj/main.o
LOAD build/obj/common.o
LOAD build/obj/si5351.o
LOAD build/obj/tlv320aic3204.o
LOAD build/obj/dsp.o
LOAD build/obj/plot.o
LOAD build/obj/ui.o
LOAD build/obj/lcd.o
LOAD build/obj/data_storage.o
LOAD build/obj/hardware.o
LOAD build/obj/vna_math.o

.mstack         0x20000000      0x100
                0x20000000                        . = ALIGN (0x8)
                0x20000000                        __main_stack_base__ = .
                0x20000100                        . = (. + __main_stack_size__)
 *fill*         0x20000000      0x100 
                0x20000100                        . = ALIGN (0x8)
                0x20000100                        __main_stack_end__ = .

.pstack         0x20000100      0x200
                0x20000100                        __process_stack_base__ = .
                0x20000100                        __main_thread_stack_base__ = .
                0x20000300                        . = (. + __process_stack_size__)
 *fill*         0x20000100      0x200 
                0x20000300                        . = ALIGN (0x8)
                0x20000300                        __process_stack_end__ = .
                0x20000300                        __main_thread_stack_end__ = .

vectors         0x08000000      0x1a0
 *(.vectors)
 .vectors       0x08000000      0x1a0 build/obj/vectors.o
                0x08000000                _vectors

xtors           0x080001a0        0x0
                0x080001a0                        __init_array_start = .
 *(SORT_BY_NAME(.init_array.*))
 *(.init_array)
                0x080001a0                        __init_array_end = .
                0x080001a0                        __fini_array_start = .
 *(.fini_array)
 *(SORT_BY_NAME(.fini_array.*))
                0x080001a0                        __fini_array_end = .

.text           0x080001a0    0x116e0
 *(.text)
 .text          0x080001a0      0x108 build/obj/crt0_v7m.o
                0x080001a0                Reset_Handler
 .text          0x080002a8       0x30 build/obj/chcoreasm_v7m.o
                0x080002a8                _port_switch
                0x080002c0                _port_thread_start
                0x080002d0                _port_switch_from_isr
                0x080002d4                _port_exit_from_isr
 .text          0x080002d8      0x378 C:/Program Files (x86)/Arm GNU Toolchain arm-none-eabi/14.3 rel1/bin/../lib/gcc/arm-none-eabi/14.3.1/thumb/v7e-m+fp/hard\libgcc.a(_arm_addsubdf3.o)
                0x080002d8                __aeabi_drsub
                0x080002e0                __aeabi_dsub
                0x080002e0                __subdf3
                0x080002e4                __aeabi_dadd
                0x080002e4                __adddf3
                0x0800055c                __floatunsidf
                0x0800055c                __aeabi_ui2d
                0x0800057c                __floatsidf
                0x0800057c                __aeabi_i2d
                0x080005a0                __aeabi_f2d
                0x080005a0                __extendsfdf2
                0x080005e4                __floatundidf
                0x080005e4                __aeabi_ul2d
                0x080005f4                __floatdidf
                0x080005f4                __aeabi_l2d
 .text          0x08000650       0xa0 C:/Program Files (x86)/Arm GNU Toolchain arm-none-eabi/14.3 rel1/bin/../lib/gcc/arm-none-eabi/14.3.1/thumb/v7e-m+fp/hard\libgcc.a(_arm_truncdfsf2.o)
                0x08000650                __truncdfsf2
                0x08000650                __aeabi_d2f
 .text          0x080006f0      0x21c C:/Program Files (x86)/Arm GNU Toolchain arm-none-eabi/14.3 rel1/bin/../lib/gcc/arm-none-eabi/14.3.1/thumb/v7e-m+fp/hard\libgcc.a(_arm_addsubsf3.o)
                0x080006f0                __aeabi_frsub
                0x080006f8                __subsf3
                0x080006f8                __aeabi_fsub
                0x080006fc                __aeabi_fadd
                0x080006fc                __addsf3
                0x0800085c                __aeabi_ui2f
                0x0800085c                __floatunsisf
                0x08000864                __aeabi_i2f
                0x08000864                __floatsisf
                0x08000880                __aeabi_ul2f
                0x08000880                __floatundisf
                0x08000890                __aeabi_l2f
                0x08000890                __floatdisf
 .text          0x0800090c       0x30 C:/Program Files (x86)/Arm GNU Toolchain arm-none-eabi/14.3 rel1/bin/../lib/gcc/arm-none-eabi/14.3.1/thumb/v7e-m+fp/hard\libgcc.a(_aeabi_uldivmod.o)
                0x0800090c                __aeabi_uldivmod
 .text          0x0800093c        0x4 C:/Program Files (x86)/Arm GNU Toolchain arm-none-eabi/14.3 rel1/bin/../lib/gcc/arm-none-eabi/14.3.1/thumb/v7e-m+fp/hard\libgcc.a(_dvmd_tls.o)
                0x0800093c                __aeabi_idiv0
                0x0800093c                __aeabi_ldiv0
 .text          0x08000940       0x10 C:/Program Files (x86)/Arm GNU Toolchain arm-none-eabi/14.3 rel1/bin/../lib/gcc/arm-none-eabi/14.3.1/../../../../arm-none-eabi/lib/thumb/v7e-m+fp/hard\libg_nano.a(libc_a-strlen.o)
                0x08000940                strlen
 *(.text.*)
 .text.__core_init
                0x08000950        0x4 build/obj/crt1.o
                0x08000950                __core_init
 .text.__late_init
                0x08000954        0x4 build/obj/crt1.o
                0x08000954                __late_init
 .text.__default_exit
                0x08000958        0x4 build/obj/crt1.o
                0x08000958                __default_exit
 .text.__init_ram_areas
                0x0800095c       0x54 build/obj/crt1.o
                0x0800095c                __init_ram_areas
 .text._unhandled_exception
                0x080009b0        0x4 build/obj/vectors.o
                0x080009b0                Vector58
                0x080009b0                Vector9C
                0x080009b0                VectorE8
                0x080009b0                VectorAC
                0x080009b0                DebugMon_Handler
                0x080009b0                Vector11C
                0x080009b0                HardFault_Handler
                0x080009b0                Vector19C
                0x080009b0                SysTick_Handler
                0x080009b0                Vector8C
                0x080009b0                VectorDC
                0x080009b0                PendSV_Handler
                0x080009b0                Vector168
                0x080009b0                NMI_Handler
                0x080009b0                Vector110
                0x080009b0                Vector120
                0x080009b0                VectorC8
                0x080009b0                Vector94
                0x080009b0                VectorA8
                0x080009b0                VectorB4
                0x080009b0                Vector74
                0x080009b0                Vector160
                0x080009b0                UsageFault_Handler
                0x080009b0                VectorEC
                0x080009b0                Vector40
                0x080009b0                VectorF8
                0x080009b0                Vector108
                0x080009b0                VectorBC
                0x080009b0                Vector190
                0x080009b0                Vector150
                0x080009b0                Vector124
                0x080009b0                Vector148
                0x080009b0                Vector188
                0x080009b0                Vector198
                0x080009b0                Vector118
                0x080009b0                VectorCC
                0x080009b0                Vector54
                0x080009b0                Vector98
                0x080009b0                VectorD8
                0x080009b0                Vector138
                0x080009b0                Vector24
                0x080009b0                Vector178
                0x080009b0                Vector84
                0x080009b0                VectorD0
                0x080009b0                Vector140
                0x080009b0                VectorE4
                0x080009b0                VectorC0
                0x080009b0                Vector158
                0x080009b0                Vector130
                0x080009b0                Vector134
                0x080009b0                VectorF0
                0x080009b0                Vector12C
                0x080009b0                Vector13C
                0x080009b0                Vector100
                0x080009b0                VectorE0
                0x080009b0                VectorF4
                0x080009b0                MemManage_Handler
                0x080009b0                Vector6C
                0x080009b0                VectorA0
                0x080009b0                Vector7C
                0x080009b0                VectorC4
                0x080009b0                Vector180
                0x080009b0                Vector90
                0x080009b0                Vector114
                0x080009b0                Vector164
                0x080009b0                Vector1C
                0x080009b0                Vector17C
                0x080009b0                Vector48
                0x080009b0                Vector70
                0x080009b0                Vector4C
                0x080009b0                Vector144
                0x080009b0                Vector80
                0x080009b0                Vector15C
                0x080009b0                Vector68
                0x080009b0                _unhandled_exception
                0x080009b0                Vector170
                0x080009b0                Vector104
                0x080009b0                Vector184
                0x080009b0                Vector10C
                0x080009b0                Vector14C
                0x080009b0                BusFault_Handler
                0x080009b0                Vector50
                0x080009b0                Vector194
                0x080009b0                Vector154
                0x080009b0                Vector44
                0x080009b0                Vector28
                0x080009b0                VectorB8
                0x080009b0                VectorFC
                0x080009b0                Vector34
                0x080009b0                Vector128
                0x080009b0                VectorA4
                0x080009b0                Vector20
                0x080009b0                Vector18C
                0x080009b0                Vector174
 .text._idle_thread
                0x080009b4        0x4 build/obj/chsys.o
 .text.chSysInit
                0x080009b8       0x84 build/obj/chsys.o
                0x080009b8                chSysInit
 .text.chSysHalt
                0x08000a3c        0xc build/obj/chsys.o
                0x08000a3c                chSysHalt
 .text.chSysTimerHandlerI
                0x08000a48       0x7c build/obj/chsys.o
                0x08000a48                chSysTimerHandlerI
 .text._vt_init
                0x08000ac4       0x1c build/obj/chvt.o
                0x08000ac4                _vt_init
 .text.chVTDoSetI
                0x08000ae0       0x78 build/obj/chvt.o
                0x08000ae0                chVTDoSetI
 .text.chVTDoResetI
                0x08000b58       0x70 build/obj/chvt.o
                0x08000b58                chVTDoResetI
 .text._scheduler_init
                0x08000bc8       0x10 build/obj/chschd.o
                0x08000bc8                _scheduler_init
 .text.chSchReadyI
                0x08000bd8       0x20 build/obj/chschd.o
                0x08000bd8                chSchReadyI
 .text.wakeup   0x08000bf8       0x38 build/obj/chschd.o
 .text.chSchReadyAheadI
                0x08000c30       0x20 build/obj/chschd.o
                0x08000c30                chSchReadyAheadI
 .text.chSchGoSleepS
                0x08000c50       0x4c build/obj/chschd.o
                0x08000c50                chSchGoSleepS
 .text.chSchGoSleepTimeoutS
                0x08000c9c       0x44 build/obj/chschd.o
                0x08000c9c                chSchGoSleepTimeoutS
 .text.chSchWakeupS
                0x08000ce0       0x5c build/obj/chschd.o
                0x08000ce0                chSchWakeupS
 .text.chSchIsPreemptionRequired
                0x08000d3c       0x18 build/obj/chschd.o
                0x08000d3c                chSchIsPreemptionRequired
 .text.chSchDoRescheduleAhead
                0x08000d54       0x4c build/obj/chschd.o
                0x08000d54                chSchDoRescheduleAhead
 .text.chSchDoReschedule
                0x08000da0        0x4 build/obj/chschd.o
                0x08000da0                chSchDoReschedule
 .text._thread_init
                0x08000da4        0x8 build/obj/chthreads.o
                0x08000da4                _thread_init
 .text.chThdCreateSuspendedI
                0x08000dac       0x38 build/obj/chthreads.o
                0x08000dac                chThdCreateSuspendedI
 .text.chThdCreate
                0x08000de4       0x34 build/obj/chthreads.o
                0x08000de4                chThdCreate
 .text.chThdCreateStatic
                0x08000e18       0x58 build/obj/chthreads.o
                0x08000e18                chThdCreateStatic
 .text.chThdExitS
                0x08000e70       0x14 build/obj/chthreads.o
                0x08000e70                chThdExitS
 .text.chThdExit
                0x08000e84        0xc build/obj/chthreads.o
                0x08000e84                chThdExit
 .text.chThdSleep
                0x08000e90       0x18 build/obj/chthreads.o
                0x08000e90                chThdSleep
 .text.chThdEnqueueTimeoutS
                0x08000ea8       0x28 build/obj/chthreads.o
                0x08000ea8                chThdEnqueueTimeoutS
 .text.chThdDequeueNextI
                0x08000ed0       0x18 build/obj/chthreads.o
                0x08000ed0                chThdDequeueNextI
 .text.chThdDequeueAllI
                0x08000ee8       0x20 build/obj/chthreads.o
                0x08000ee8                chThdDequeueAllI
 .text.SVC_Handler
                0x08000f08       0x2c build/obj/chcore_v7m.o
                0x08000f08                SVC_Handler
 .text._port_irq_epilogue
                0x08000f34       0x60 build/obj/chcore_v7m.o
                0x08000f34                _port_irq_epilogue
 .text.halInit  0x08000f94       0x20 build/obj/hal.o
                0x08000f94                halInit
 .text.stInit   0x08000fb4        0x4 build/obj/hal_st.o
                0x08000fb4                stInit
 .text.stStartAlarm
                0x08000fb8       0x10 build/obj/hal_st.o
                0x08000fb8                stStartAlarm
 .text.stStopAlarm
                0x08000fc8        0xc build/obj/hal_st.o
                0x08000fc8                stStopAlarm
 .text.stSetAlarm
                0x08000fd4        0x8 build/obj/hal_st.o
                0x08000fd4                stSetAlarm
 .text.bqPrepareBuffer
                0x08000fdc       0x28 build/obj/hal_buffers.o
 .text.bqObjectInit
                0x08001004       0x30 build/obj/hal_buffers.o
                0x08001004                bqObjectInit
 .text.bqResetI
                0x08001034       0x18 build/obj/hal_buffers.o
                0x08001034                bqResetI
 .text.ibqPostFullBufferI
                0x0800104c       0x10 build/obj/hal_buffers.o
                0x0800104c                ibqPostFullBufferI
 .text.ibqGetFullBufferTimeoutS
                0x0800105c       0x24 build/obj/hal_buffers.o
                0x0800105c                ibqGetFullBufferTimeoutS
 .text.ibqReleaseEmptyBufferS
                0x08001080       0x30 build/obj/hal_buffers.o
                0x08001080                ibqReleaseEmptyBufferS
 .text.ibqGetTimeout
                0x080010b0       0x40 build/obj/hal_buffers.o
                0x080010b0                ibqGetTimeout
 .text.ibqReadTimeout
                0x080010f0       0x68 build/obj/hal_buffers.o
                0x080010f0                ibqReadTimeout
 .text.ibqGetEmptyBufferI
                0x08001158       0x18 build/obj/hal_buffers.o
                0x08001158                ibqGetEmptyBufferI
 .text.obqGetFullBufferI
                0x08001170       0x14 build/obj/hal_buffers.o
                0x08001170                obqGetFullBufferI
 .text.obqReleaseEmptyBufferI
                0x08001184       0x28 build/obj/hal_buffers.o
                0x08001184                obqReleaseEmptyBufferI
 .text.obqGetEmptyBufferTimeoutS
                0x080011ac       0x2c build/obj/hal_buffers.o
                0x080011ac                obqGetEmptyBufferTimeoutS
 .text.obqPostFullBufferS
                0x080011d8       0x18 build/obj/hal_buffers.o
                0x080011d8                obqPostFullBufferS
 .text.obqPutTimeout
                0x080011f0       0x44 build/obj/hal_buffers.o
                0x080011f0                obqPutTimeout
 .text.obqWriteTimeout
                0x08001234       0x68 build/obj/hal_buffers.o
                0x08001234                obqWriteTimeout
 .text.obqTryFlushI
                0x0800129c       0x28 build/obj/hal_buffers.o
                0x0800129c                obqTryFlushI
 .text.q_GetI   0x080012c4       0x24 build/obj/hal_queues.o
 .text.q_PutI   0x080012e8       0x20 build/obj/hal_queues.o
 .text.qObjectInit
                0x08001308       0x1c build/obj/hal_queues.o
                0x08001308                qObjectInit
 .text.qPutI    0x08001324       0x20 build/obj/hal_queues.o
                0x08001324                qPutI
 .text.iqGetTimeout
                0x08001344       0x3c build/obj/hal_queues.o
                0x08001344                iqGetTimeout
 .text.iqReadTimeout
                0x08001380       0xb0 build/obj/hal_queues.o
                0x08001380                iqReadTimeout
 .text.oqPutTimeout
                0x08001430       0x40 build/obj/hal_queues.o
                0x08001430                oqPutTimeout
 .text.qGetI    0x08001470       0x24 build/obj/hal_queues.o
                0x08001470                qGetI
 .text.oqWriteTimeout
                0x08001494       0xb4 build/obj/hal_queues.o
                0x08001494                oqWriteTimeout
 .text.get      0x08001548        0xc build/obj/hal_serial.o
 .text.put      0x08001554        0xc build/obj/hal_serial.o
 .text.read     0x08001560        0xc build/obj/hal_serial.o
 .text.write    0x0800156c        0xc build/obj/hal_serial.o
 .text.sdInit   0x08001578        0x4 build/obj/hal_serial.o
                0x08001578                sdInit
 .text.sdObjectInit
                0x0800157c       0x38 build/obj/hal_serial.o
                0x0800157c                sdObjectInit
 .text.obnotify
                0x080015b4       0x4c build/obj/hal_serial_usb.o
 .text.get      0x08001600        0xc build/obj/hal_serial_usb.o
 .text.put      0x0800160c       0x1c build/obj/hal_serial_usb.o
 .text.read     0x08001628        0xc build/obj/hal_serial_usb.o
 .text.write    0x08001634       0x1c build/obj/hal_serial_usb.o
 .text.sdu_start_receive.isra.0
                0x08001650       0x48 build/obj/hal_serial_usb.o
 .text.ibnotify
                0x08001698        0x8 build/obj/hal_serial_usb.o
 .text.sduInit  0x080016a0        0x4 build/obj/hal_serial_usb.o
                0x080016a0                sduInit
 .text.sduObjectInit
                0x080016a4       0x48 build/obj/hal_serial_usb.o
                0x080016a4                sduObjectInit
 .text.sduStart
                0x080016ec       0x34 build/obj/hal_serial_usb.o
                0x080016ec                sduStart
 .text.sduDisconnectI
                0x08001720       0x18 build/obj/hal_serial_usb.o
                0x08001720                sduDisconnectI
 .text.sduConfigureHookI
                0x08001738       0x1c build/obj/hal_serial_usb.o
                0x08001738                sduConfigureHookI
 .text.sduRequestsHook
                0x08001754       0x38 build/obj/hal_serial_usb.o
                0x08001754                sduRequestsHook
 .text.sduSOFHookI
                0x0800178c       0x54 build/obj/hal_serial_usb.o
                0x0800178c                sduSOFHookI
 .text.sduDataTransmitted
                0x080017e0       0x64 build/obj/hal_serial_usb.o
                0x080017e0                sduDataTransmitted
 .text.sduDataReceived
                0x08001844       0x3c build/obj/hal_serial_usb.o
                0x08001844                sduDataReceived
 .text.sduInterruptTransmitted
                0x08001880        0x4 build/obj/hal_serial_usb.o
                0x08001880                sduInterruptTransmitted
 .text._usb_ep0_error
                0x08001884       0x28 build/obj/hal_usb.o
 .text.set_address
                0x080018ac       0x24 build/obj/hal_usb.o
 .text.usbInit  0x080018d0        0x4 build/obj/hal_usb.o
                0x080018d0                usbInit
 .text.usbObjectInit
                0x080018d4       0x1c build/obj/hal_usb.o
                0x080018d4                usbObjectInit
 .text.usbStart
                0x080018f0       0x28 build/obj/hal_usb.o
                0x080018f0                usbStart
 .text.usbInitEndpointI
                0x08001918       0x2c build/obj/hal_usb.o
                0x08001918                usbInitEndpointI
 .text.usbStartReceiveI
                0x08001944       0x2c build/obj/hal_usb.o
                0x08001944                usbStartReceiveI
 .text.usbStartTransmitI
                0x08001970       0x2c build/obj/hal_usb.o
                0x08001970                usbStartTransmitI
 .text._usb_reset
                0x0800199c       0x34 build/obj/hal_usb.o
                0x0800199c                _usb_reset
 .text._usb_suspend
                0x080019d0       0x10 build/obj/hal_usb.o
                0x080019d0                _usb_suspend
 .text._usb_wakeup
                0x080019e0       0x10 build/obj/hal_usb.o
                0x080019e0                _usb_wakeup
 .text._usb_ep0setup
                0x080019f0      0x22c build/obj/hal_usb.o
                0x080019f0                _usb_ep0setup
 .text._usb_ep0in
                0x08001c1c       0x84 build/obj/hal_usb.o
                0x08001c1c                _usb_ep0in
 .text._usb_ep0out
                0x08001ca0       0x58 build/obj/hal_usb.o
                0x08001ca0                _usb_ep0out
 .text.nvicEnableVector
                0x08001cf8       0x2c build/obj/nvic.o
                0x08001cf8                nvicEnableVector
 .text.hal_lld_init
                0x08001d24       0x40 build/obj/hal_lld.o
                0x08001d24                hal_lld_init
 .text.stm32_clock_init
                0x08001d64       0x8c build/obj/hal_lld.o
                0x08001d64                stm32_clock_init
 .text.VectorB0
                0x08001df0       0x2c build/obj/hal_st_lld.o
                0x08001df0                VectorB0
 .text.st_lld_init
                0x08001e1c       0x48 build/obj/hal_st_lld.o
                0x08001e1c                st_lld_init
 .text.notify1  0x08001e64       0x10 build/obj/hal_serial_lld.o
 .text.VectorD4
                0x08001e74       0x74 build/obj/hal_serial_lld.o
                0x08001e74                VectorD4
 .text.sd_lld_init
                0x08001ee8       0x34 build/obj/hal_serial_lld.o
                0x08001ee8                sd_lld_init
 .text.usb_lld_init
                0x08001f1c        0xc build/obj/hal_usb_lld.o
                0x08001f1c                usb_lld_init
 .text.usb_lld_start
                0x08001f28       0x4c build/obj/hal_usb_lld.o
                0x08001f28                usb_lld_start
 .text.usb_lld_set_address
                0x08001f74       0x14 build/obj/hal_usb_lld.o
                0x08001f74                usb_lld_set_address
 .text.usb_lld_init_endpoint
                0x08001f88       0xac build/obj/hal_usb_lld.o
                0x08001f88                usb_lld_init_endpoint
 .text.usb_lld_reset
                0x08002034       0x3c build/obj/hal_usb_lld.o
                0x08002034                usb_lld_reset
 .text.usb_lld_get_status_out
                0x08002070       0x1c build/obj/hal_usb_lld.o
                0x08002070                usb_lld_get_status_out
 .text.usb_lld_get_status_in
                0x0800208c       0x1c build/obj/hal_usb_lld.o
                0x0800208c                usb_lld_get_status_in
 .text.usb_lld_read_setup
                0x080020a8       0x48 build/obj/hal_usb_lld.o
                0x080020a8                usb_lld_read_setup
 .text.usb_lld_start_out
                0x080020f0       0x24 build/obj/hal_usb_lld.o
                0x080020f0                usb_lld_start_out
 .text.usb_lld_start_in
                0x08002114       0x84 build/obj/hal_usb_lld.o
                0x08002114                usb_lld_start_in
 .text.Vector16C
                0x08002198      0x1d8 build/obj/hal_usb_lld.o
                0x08002198                Vector16C
 .text.usb_lld_stall_out
                0x08002370       0x24 build/obj/hal_usb_lld.o
                0x08002370                usb_lld_stall_out
 .text.usb_lld_stall_in
                0x08002394       0x24 build/obj/hal_usb_lld.o
                0x08002394                usb_lld_stall_in
 .text.usb_lld_clear_out
                0x080023b8       0x30 build/obj/hal_usb_lld.o
                0x080023b8                usb_lld_clear_out
 .text.usb_lld_clear_in
                0x080023e8       0x30 build/obj/hal_usb_lld.o
                0x080023e8                usb_lld_clear_in
 .text.boardDFUEnter
                0x08002418       0x20 build/obj/board.o
                0x08002418                boardDFUEnter
 .text.__early_init
                0x08002438        0x4 build/obj/board.o
                0x08002438                __early_init
 .text.boardInit
                0x0800243c        0xc build/obj/board.o
                0x0800243c                boardInit
 .text.long_to_string_with_divisor
                0x08002448       0x90 build/obj/chprintf.o
 .text.ftoa     0x080024d8       0x80 build/obj/chprintf.o
 .text.put      0x08002558       0x18 build/obj/chprintf.o
 .text.chvprintf
                0x08002570      0x754 build/obj/chprintf.o
                0x08002570                chvprintf
 .text.plot_printf
                0x08002cc4       0x48 build/obj/chprintf.o
                0x08002cc4                plot_printf
 .text.mem_cpy  0x08002d0c       0x12 build/obj/ff.o
 *fill*         0x08002d1e        0x2 
 .text.mem_set  0x08002d20        0xc build/obj/ff.o
 .text.mem_cmp  0x08002d2c       0x1c build/obj/ff.o
 .text.clst2sect
                0x08002d48       0x16 build/obj/ff.o
 *fill*         0x08002d5e        0x2 
 .text.sum_sfn  0x08002d60       0x1e build/obj/ff.o
 *fill*         0x08002d7e        0x2 
 .text.xdir_sum
                0x08002d80       0x2a build/obj/ff.o
 *fill*         0x08002daa        0x2 
 .text.get_achar
                0x08002dac       0x28 build/obj/ff.o
 .text.pattern_match
                0x08002dd4       0xa6 build/obj/ff.o
 *fill*         0x08002e7a        0x2 
 .text.get_ldnumber
                0x08002e7c       0x2a build/obj/ff.o
 *fill*         0x08002ea6        0x2 
 .text.validate
                0x08002ea8       0x34 build/obj/ff.o
 .text.sync_window
                0x08002edc       0x42 build/obj/ff.o
 *fill*         0x08002f1e        0x2 
 .text.move_window
                0x08002f20       0x30 build/obj/ff.o
 .text.check_fs
                0x08002f50       0xbc build/obj/ff.o
 .text.change_bitmap
                0x0800300c       0x78 build/obj/ff.o
 .text.put_fat  0x08003084       0xee build/obj/ff.o
 *fill*         0x08003172        0x2 
 .text.fill_last_frag
                0x08003174       0x2e build/obj/ff.o
 *fill*         0x080031a2        0x2 
 .text.fill_first_frag
                0x080031a4       0x30 build/obj/ff.o
 .text.get_fat  0x080031d4      0x122 build/obj/ff.o
 *fill*         0x080032f6        0x2 
 .text.dir_sdi  0x080032f8       0x8e build/obj/ff.o
 *fill*         0x08003386        0x2 
 .text.remove_chain
                0x08003388      0x102 build/obj/ff.o
 *fill*         0x0800348a        0x2 
 .text.dir_clear
                0x0800348c       0x58 build/obj/ff.o
 .text.put_utf  0x080034e4       0x34 build/obj/ff.o
 .text.get_fileinfo
                0x08003518      0x19c build/obj/ff.o
 .text.xname_sum
                0x080036b4       0x34 build/obj/ff.o
 .text.sync_fs  0x080036e8       0x74 build/obj/ff.o
 .text.mount_volume
                0x0800375c      0x350 build/obj/ff.o
 .text.create_chain
                0x08003aac      0x1de build/obj/ff.o
 *fill*         0x08003c8a        0x2 
 .text.dir_next
                0x08003c8c       0xbc build/obj/ff.o
 .text.load_xdir
                0x08003d48       0xd6 build/obj/ff.o
 *fill*         0x08003e1e        0x2 
 .text.dir_alloc
                0x08003e20       0x50 build/obj/ff.o
 .text.store_xdir
                0x08003e70       0x5e build/obj/ff.o
 *fill*         0x08003ece        0x2 
 .text.dir_remove
                0x08003ed0       0x52 build/obj/ff.o
 *fill*         0x08003f22        0x2 
 .text.dir_read.constprop.0
                0x08003f24      0x110 build/obj/ff.o
 .text.dir_find
                0x08004034      0x1e4 build/obj/ff.o
 .text.dir_register
                0x08004218      0x340 build/obj/ff.o
 .text.init_alloc_info.isra.0
                0x08004558       0x1c build/obj/ff.o
 .text.ld_clust.isra.0
                0x08004574       0x10 build/obj/ff.o
 .text.follow_path
                0x08004584      0x314 build/obj/ff.o
 .text.f_mount  0x08004898       0x44 build/obj/ff.o
                0x08004898                f_mount
 .text.f_open   0x080048dc      0x260 build/obj/ff.o
                0x080048dc                f_open
 .text.f_read   0x08004b3c      0x1a8 build/obj/ff.o
                0x08004b3c                f_read
 .text.f_write  0x08004ce4      0x1e6 build/obj/ff.o
                0x08004ce4                f_write
 *fill*         0x08004eca        0x2 
 .text.f_sync   0x08004ecc      0x128 build/obj/ff.o
                0x08004ecc                f_sync
 .text.f_close  0x08004ff4       0x1e build/obj/ff.o
                0x08004ff4                f_close
 *fill*         0x08005012        0x2 
 .text.f_opendir
                0x08005014       0x88 build/obj/ff.o
                0x08005014                f_opendir
 .text.f_closedir
                0x0800509c       0x12 build/obj/ff.o
                0x0800509c                f_closedir
 *fill*         0x080050ae        0x2 
 .text.f_readdir
                0x080050b0       0x48 build/obj/ff.o
                0x080050b0                f_readdir
 .text.f_findnext
                0x080050f8       0x30 build/obj/ff.o
                0x080050f8                f_findnext
 .text.f_unlink
                0x08005128       0xb4 build/obj/ff.o
                0x08005128                f_unlink
 .text.ff_uni2oem
                0x080051dc       0x38 build/obj/ffunicode.o
                0x080051dc                ff_uni2oem
 .text.ff_oem2uni
                0x08005214       0x28 build/obj/ffunicode.o
                0x08005214                ff_oem2uni
 .text.ff_wtoupper
                0x0800523c       0xa4 build/obj/ffunicode.o
                0x0800523c                ff_wtoupper
 .text.sof_handler
                0x080052e0       0x1c build/obj/usbcfg.o
 .text.usb_event
                0x080052fc       0x58 build/obj/usbcfg.o
 .text.getSerialStringDescriptor
                0x08005354       0x6c build/obj/usbcfg.o
                0x08005354                getSerialStringDescriptor
 .text.get_descriptor
                0x080053c0       0x44 build/obj/usbcfg.o
 .text.getSWRfromIndex
                0x08005404       0x64 build/obj/main.o
 .text.shell_write
                0x08005468       0x1c build/obj/main.o
 .text.cmd_reson
                0x08005484        0x4 build/obj/main.o
 .text.eterm_calc_er
                0x08005488       0xa4 build/obj/main.o
 .text.cmd_help
                0x0800552c       0x10 build/obj/main.o
 .text.set_domain_mode
                0x0800553c       0x30 build/obj/main.o
 .text.cal_interpolate
                0x0800556c      0x180 build/obj/main.o
 .text.cmd_refresh
                0x080056ec       0x4c build/obj/main.o
 .text.VNAShell_parceLine
                0x08005738       0x48 build/obj/main.o
 .text.cmd_transform
                0x08005780       0x9c build/obj/main.o
 .text.cmd_measure
                0x0800581c       0x28 build/obj/main.o
 .text.cmd_color
                0x08005844       0x6c build/obj/main.o
 .text.cmd_threshold
                0x080058b0       0x18 build/obj/main.o
 .text.cmd_vbat_offset
                0x080058c8       0x18 build/obj/main.o
 .text.cmd_dump
                0x080058e0       0x74 build/obj/main.o
 .text.cmd_data
                0x08005954        0xc build/obj/main.o
 .text.cmd_config
                0x08005960       0x30 build/obj/main.o
 .text.cmd_reset
                0x08005990       0x40 build/obj/main.o
 .text.cmd_tcxo
                0x080059d0       0x18 build/obj/main.o
 .text.cmd_vbat
                0x080059e8        0x4 build/obj/main.o
 .text.cmd_release
                0x080059ec       0x38 build/obj/main.o
 .text.cmd_touch
                0x08005a24       0x28 build/obj/main.o
 .text.cmd_save
                0x08005a4c       0x24 build/obj/main.o
 .text.cmd_msg  0x08005a70       0x38 build/obj/main.o
 .text.cmd_touchtest
                0x08005aa8        0x4 build/obj/main.o
 .text.cmd_touchcal
                0x08005aac       0x14 build/obj/main.o
 .text.cmd_clearconfig
                0x08005ac0       0x24 build/obj/main.o
 .text.cmd_saveconfig
                0x08005ae4        0x4 build/obj/main.o
 .text.cmd_sd_card_mount
                0x08005ae8       0x14 build/obj/main.o
 .text.cmd_sd_delete
                0x08005afc       0x1c build/obj/main.o
 .text.cmd_sd_read
                0x08005b18       0x68 build/obj/main.o
 .text.cmd_sd_list
                0x08005b80       0x50 build/obj/main.o
 .text.cmd_time
                0x08005bd0       0xb8 build/obj/main.o
 .text.cmd_offset
                0x08005c88       0x18 build/obj/main.o
 .text.get_sweep_mask
                0x08005ca0       0x5c build/obj/main.o
 .text.eterm_set.constprop.0
                0x08005cfc       0x30 build/obj/main.o
 .text.cmd_info
                0x08005d2c        0x4 build/obj/main.o
 .text.cmd_frequencies
                0x08005d30        0x4 build/obj/main.o
 .text.cmd_version
                0x08005d34        0x4 build/obj/main.o
 .text.mla_is_resonance_centered
                0x08005d38       0x38 build/obj/main.o
                0x08005d38                mla_is_resonance_centered
 .text.set_smooth_factor
                0x08005d70       0x18 build/obj/main.o
                0x08005d70                set_smooth_factor
 .text.cmd_smooth
                0x08005d88       0x18 build/obj/main.o
 .text.get_smooth_factor
                0x08005da0        0xc build/obj/main.o
                0x08005da0                get_smooth_factor
 .text.drawBarGraph
                0x08005dac      0x15c build/obj/main.o
                0x08005dac                drawBarGraph
 .text.displaySWR
                0x08005f08      0x1f8 build/obj/main.o
                0x08005f08                displaySWR
 .text.displayTargetFrequency
                0x08006100      0x20c build/obj/main.o
                0x08006100                displayTargetFrequency
 .text.pause_sweep
                0x0800630c       0x10 build/obj/main.o
                0x0800630c                pause_sweep
 .text.cmd_pause
                0x0800631c        0x4 build/obj/main.o
 .text.cmd_freq
                0x08006320       0x24 build/obj/main.o
 .text.toggle_sweep
                0x08006344       0x10 build/obj/main.o
                0x08006344                toggle_sweep
 .text.set_power
                0x08006354       0x38 build/obj/main.o
                0x08006354                set_power
 .text.cmd_power
                0x0800638c       0x18 build/obj/main.o
 .text.capture_rle8
                0x080063a4       0xd0 build/obj/main.o
                0x080063a4                capture_rle8
 .text.cmd_capture
                0x08006474       0x3c build/obj/main.o
 .text.i2s_lld_serve_rx_interrupt
                0x080064b0       0xa0 build/obj/main.o
                0x080064b0                i2s_lld_serve_rx_interrupt
 .text.set_bandwidth
                0x08006550       0x14 build/obj/main.o
                0x08006550                set_bandwidth
 .text.cmd_bandwidth
                0x08006564       0x4c build/obj/main.o
 .text.get_bandwidth_frequency
                0x080065b0        0xc build/obj/main.o
                0x080065b0                get_bandwidth_frequency
 .text.getFrequency
                0x080065bc       0x38 build/obj/main.o
                0x080065bc                getFrequency
 .text.sweep    0x080065f4      0x548 build/obj/main.o
 .text.cmd_scan
                0x08006b3c      0x210 build/obj/main.o
 .text.cmd_scan_bin
                0x08006d4c       0x20 build/obj/main.o
 .text.mla_update_bandwidth_swr2
                0x08006d6c      0x214 build/obj/main.o
 .text.getFrequencyStep
                0x08006f80        0xc build/obj/main.o
                0x08006f80                getFrequencyStep
 .text.set_marker_index
                0x08006f8c       0x44 build/obj/main.o
                0x08006f8c                set_marker_index
 .text.update_frequencies
                0x08006fd0       0xf4 build/obj/main.o
 .text.load_properties
                0x080070c4       0x20 build/obj/main.o
                0x080070c4                load_properties
 .text.cmd_recall
                0x080070e4       0x1c build/obj/main.o
 .text.set_sweep_points
                0x08007100       0x24 build/obj/main.o
                0x08007100                set_sweep_points
 .text.cmd_resume
                0x08007124       0x18 build/obj/main.o
 .text.cmd_marker
                0x0800713c       0xcc build/obj/main.o
 .text.get_marker_frequency
                0x08007208       0x14 build/obj/main.o
                0x08007208                get_marker_frequency
 .text.set_sweep_frequency
                0x0800721c      0x120 build/obj/main.o
                0x0800721c                set_sweep_frequency
 .text.cmd_sweep
                0x0800733c       0xa0 build/obj/main.o
 .text.cal_collect
                0x080073dc       0xa0 build/obj/main.o
                0x080073dc                cal_collect
 .text.cal_done
                0x0800747c      0x1c8 build/obj/main.o
                0x0800747c                cal_done
 .text.cmd_cal  0x08007644       0x8c build/obj/main.o
 .text.get_trace_chname
                0x080076d0       0x24 build/obj/main.o
                0x080076d0                get_trace_chname
 .text.set_trace_channel
                0x080076f4       0x28 build/obj/main.o
                0x080076f4                set_trace_channel
 .text.set_active_trace
                0x0800771c       0x1c build/obj/main.o
                0x0800771c                set_active_trace
 .text.set_trace_scale
                0x08007738       0x28 build/obj/main.o
                0x08007738                set_trace_scale
 .text.set_trace_refpos
                0x08007760       0x28 build/obj/main.o
                0x08007760                set_trace_refpos
 .text.set_trace_type
                0x08007788       0x60 build/obj/main.o
                0x08007788                set_trace_type
 .text.Thread1  0x080077e8      0xcbc build/obj/main.o
 .text.set_trace_enable
                0x080084a4       0x48 build/obj/main.o
                0x080084a4                set_trace_enable
 .text.cmd_trace
                0x080084ec      0x144 build/obj/main.o
 .text.set_electrical_delay
                0x08008630       0x28 build/obj/main.o
                0x08008630                set_electrical_delay
 .text.cmd_edelay
                0x08008658       0x48 build/obj/main.o
 .text.get_electrical_delay
                0x080086a0       0x30 build/obj/main.o
                0x080086a0                get_electrical_delay
 .text.set_s21_offset
                0x080086d0       0x20 build/obj/main.o
                0x080086d0                set_s21_offset
 .text.cmd_s21offset
                0x080086f0       0x18 build/obj/main.o
 .text.send_region
                0x08008708       0x48 build/obj/main.o
                0x08008708                send_region
 .text.VNAShell_executeCMDLine
                0x08008750       0x38 build/obj/main.o
                0x08008750                VNAShell_executeCMDLine
 .text.startup.main
                0x08008788      0x1f8 build/obj/main.o
                0x08008788                main
 .text.my_atoi  0x08008980       0x34 build/obj/common.o
                0x08008980                my_atoi
 .text.my_atoui
                0x080089b4       0x4c build/obj/common.o
                0x080089b4                my_atoui
 .text.my_atof  0x08008a00       0xf4 build/obj/common.o
                0x08008a00                my_atof
 .text.strcmpi  0x08008af4       0x3e build/obj/common.o
                0x08008af4                strcmpi
 *fill*         0x08008b32        0x2 
 .text.get_str_index
                0x08008b34       0x38 build/obj/common.o
                0x08008b34                get_str_index
 .text.parse_line
                0x08008b6c       0x64 build/obj/common.o
                0x08008b6c                parse_line
 .text.swap_bytes
                0x08008bd0       0x16 build/obj/common.o
                0x08008bd0                swap_bytes
 *fill*         0x08008be6        0x2 
 .text.packbits
                0x08008be8       0x82 build/obj/common.o
                0x08008be8                packbits
 *fill*         0x08008c6a        0x2 
 .text._delay_8t
                0x08008c6c        0x2 build/obj/common.o
                0x08008c6c                _delay_8t
 *fill*         0x08008c6e        0x2 
 .text.si5351_set_frequency_offset
                0x08008c70       0x24 build/obj/si5351.o
                0x08008c70                si5351_set_frequency_offset
 .text.si5351_bulk_write
                0x08008c94        0xc build/obj/si5351.o
                0x08008c94                si5351_bulk_write
 .text.si5351_setupPLL
                0x08008ca0       0x7c build/obj/si5351.o
 .text.si5351_setupPLL_freq
                0x08008d1c       0x7c build/obj/si5351.o
 .text.si5351_setupMultisynth
                0x08008d98       0xec build/obj/si5351.o
 .text.si5351_set_frequency_fixedpll
                0x08008e84       0x80 build/obj/si5351.o
 .text.si5351_set_tcxo
                0x08008f04       0x3c build/obj/si5351.o
                0x08008f04                si5351_set_tcxo
 .text.si5351_set_band_mode
                0x08008f40       0x14 build/obj/si5351.o
                0x08008f40                si5351_set_band_mode
 .text.si5351_get_harmonic_lvl
                0x08008f54       0x30 build/obj/si5351.o
                0x08008f54                si5351_get_harmonic_lvl
 .text.si5351_set_frequency
                0x08008f84      0x280 build/obj/si5351.o
                0x08008f84                si5351_set_frequency
 .text.si5351_set_power
                0x08009204       0x1c build/obj/si5351.o
                0x08009204                si5351_set_power
 .text.si5351_init
                0x08009220       0x3c build/obj/si5351.o
                0x08009220                si5351_init
 .text.tlv320aic3204_config
                0x0800925c       0x1c build/obj/tlv320aic3204.o
 .text.tlv320aic3204_init
                0x08009278       0x20 build/obj/tlv320aic3204.o
                0x08009278                tlv320aic3204_init
 .text.tlv320aic3204_select
                0x08009298       0x20 build/obj/tlv320aic3204.o
                0x08009298                tlv320aic3204_select
 .text.tlv320aic3204_set_gain
                0x080092b8       0x28 build/obj/tlv320aic3204.o
                0x080092b8                tlv320aic3204_set_gain
 .text.generate_DSP_Table
                0x080092e0       0x7c build/obj/dsp.o
                0x080092e0                generate_DSP_Table
 .text.dsp_process
                0x0800935c       0x9c build/obj/dsp.o
                0x0800935c                dsp_process
 .text.calculate_gamma
                0x080093f8       0x90 build/obj/dsp.o
                0x080093f8                calculate_gamma
 .text.reset_dsp_accumerator
                0x08009488       0x34 build/obj/dsp.o
                0x08009488                reset_dsp_accumerator
 .text.smith_grid
                0x080094bc       0xbc build/obj/plot.o
 .text.cell_blit_bitmap
                0x08009578       0xa0 build/obj/plot.o
 .text.mark_line
                0x08009618       0x78 build/obj/plot.o
 .text.mark_set_index
                0x08009690       0x98 build/obj/plot.o
 .text.invalidate_rect_func
                0x08009728       0x40 build/obj/plot.o
 .text.real     0x08009768        0x8 build/obj/plot.o
 .text.imag     0x08009770        0x8 build/obj/plot.o
 .text.resistance
                0x08009778       0x3c build/obj/plot.o
 .text.time_of_index
                0x080097b4       0x2c build/obj/plot.o
 .text.distance_of_index
                0x080097e0       0x2c build/obj/plot.o
 .text._greater
                0x0800980c        0xc build/obj/plot.o
 .text._lesser  0x08009818        0xc build/obj/plot.o
 .text.match_quadratic_equation
                0x08009824       0x44 build/obj/plot.o
 .text._greaterf
                0x08009868       0x10 build/obj/plot.o
 .text._lesserf
                0x08009878       0x10 build/obj/plot.o
 .text.s21pow2  0x08009888       0x28 build/obj/plot.o
 .text.s21tan   0x080098b0       0x24 build/obj/plot.o
 .text.s11imag  0x080098d4       0x10 build/obj/plot.o
 .text.cell_string_width
                0x080098e4       0x38 build/obj/plot.o
 .text.cell_drawstring_big
                0x0800991c      0x17c build/obj/plot.o
 .text.groupdelay_from_array
                0x08009a98       0x78 build/obj/plot.o
                0x08009a98                groupdelay_from_array
 .text.phase    0x08009b10       0x1c build/obj/plot.o
 .text.get_w    0x08009b2c       0x20 build/obj/plot.o
 .text.s11index
                0x08009b4c       0x20 build/obj/plot.o
 .text.measure_search_value
                0x08009b6c      0x100 build/obj/plot.o
 .text.cell_printf
                0x08009c6c       0x48 build/obj/plot.o
 .text.draw_s11_resonance
                0x08009cb4       0x8c build/obj/plot.o
 .text.draw_s11_cable
                0x08009d40      0x144 build/obj/plot.o
 .text.draw_s21_pass
                0x08009e84       0xb8 build/obj/plot.o
 .text.draw_filter_result
                0x08009f3c      0x1c4 build/obj/plot.o
 .text.draw_serial_result
                0x0800a100       0xd4 build/obj/plot.o
 .text.lc_match_x_str
                0x0800a1d4       0x64 build/obj/plot.o
 .text.draw_lc_match
                0x0800a238       0xe4 build/obj/plot.o
 .text.trace_print_value_string
                0x0800a31c      0x1a4 build/obj/plot.o
 .text.find_filter_pass
                0x0800a4c0       0xb8 build/obj/plot.o
 .text.marker_area_max
                0x0800a578       0x74 build/obj/plot.o
 .text.cell_fill_bg_rect.constprop.0
                0x0800a5ec       0x94 build/obj/plot.o
 .text.search_peak_value.constprop.0
                0x0800a680       0xb4 build/obj/plot.o
 .text.prepare_filter
                0x0800a734       0xc8 build/obj/plot.o
 .text.analysis_lcseries
                0x0800a7fc      0x124 build/obj/plot.o
 .text.cellPut  0x0800a920       0xf8 build/obj/plot.o
 .text.conductance
                0x0800aa18       0x3c build/obj/plot.o
 .text.parallel_r
                0x0800aa54       0x10 build/obj/plot.o
 .text.s21series_r
                0x0800aa64       0x28 build/obj/plot.o
 .text.susceptance
                0x0800aa8c       0x2c build/obj/plot.o
 .text.parallel_x
                0x0800aab8       0x10 build/obj/plot.o
 .text.parallel_l
                0x0800aac8       0x1c build/obj/plot.o
 .text.parallel_c
                0x0800aae4       0x1c build/obj/plot.o
 .text.s21series_x
                0x0800ab00       0x24 build/obj/plot.o
 .text.logmag   0x0800ab24       0x14 build/obj/plot.o
 .text.s11loss  0x0800ab38       0x1c build/obj/plot.o
 .text.s21logmag
                0x0800ab54       0x14 build/obj/plot.o
 .text.phase_z  0x0800ab68       0x2c build/obj/plot.o
 .text.s21_qualityfactor
                0x0800ab94       0x24 build/obj/plot.o
 .text.s21series_z
                0x0800abb8       0x38 build/obj/plot.o
 .text.s21shunt_z
                0x0800abf0       0x34 build/obj/plot.o
 .text.qualityfactor
                0x0800ac24       0x24 build/obj/plot.o
 .text.mod_z    0x0800ac48       0x3c build/obj/plot.o
 .text.mod_y    0x0800ac84       0x10 build/obj/plot.o
 .text.linear   0x0800ac94       0x18 build/obj/plot.o
 .text.swr      0x0800acac       0x34 build/obj/plot.o
 .text.s21shunt_x
                0x0800ace0       0x28 build/obj/plot.o
 .text.reactance
                0x0800ad08       0x2c build/obj/plot.o
 .text.s11_resonance_min
                0x0800ad34       0x18 build/obj/plot.o
 .text.series_l
                0x0800ad4c       0x1c build/obj/plot.o
 .text.series_c
                0x0800ad68       0x24 build/obj/plot.o
 .text.prepare_lc_match
                0x0800ad8c      0x204 build/obj/plot.o
 .text.s21shunt_r
                0x0800af90       0x2c build/obj/plot.o
 .text.s11_resonance_value
                0x0800afbc       0x10 build/obj/plot.o
 .text.measure_get_value.constprop.0
                0x0800afcc      0x108 build/obj/plot.o
 .text.add_resonance_value
                0x0800b0d4       0x3c build/obj/plot.o
 .text.prepare_s11_resonance
                0x0800b110       0xa4 build/obj/plot.o
 .text.update_grid
                0x0800b1b4       0x84 build/obj/plot.o
                0x0800b1b4                update_grid
 .text.get_trace_typename
                0x0800b238       0x28 build/obj/plot.o
                0x0800b238                get_trace_typename
 .text.request_to_draw_marker
                0x0800b260       0x60 build/obj/plot.o
                0x0800b260                request_to_draw_marker
 .text.markmap_all_markers
                0x0800b2c0       0x34 build/obj/plot.o
 .text.prepare_series
                0x0800b2f4      0x1c4 build/obj/plot.o
 .text.marker_search
                0x0800b4b8       0x80 build/obj/plot.o
                0x0800b4b8                marker_search
 .text.distance_to_index
                0x0800b538       0x34 build/obj/plot.o
                0x0800b538                distance_to_index
 .text.search_nearest_index
                0x0800b56c       0x54 build/obj/plot.o
                0x0800b56c                search_nearest_index
 .text.parabolic_regression
                0x0800b5c0       0xd8 build/obj/plot.o
                0x0800b5c0                parabolic_regression
 .text.prepare_s11_cable
                0x0800b698      0x128 build/obj/plot.o
 .text.plot_get_measure_channels
                0x0800b7c0       0x1c build/obj/plot.o
                0x0800b7c0                plot_get_measure_channels
 .text.set_area_size
                0x0800b7dc       0x14 build/obj/plot.o
                0x0800b7dc                set_area_size
 .text.request_to_redraw
                0x0800b7f0       0x10 build/obj/plot.o
                0x0800b7f0                request_to_redraw
 .text.request_to_draw_cells_behind_menu
                0x0800b800       0x18 build/obj/plot.o
                0x0800b800                request_to_draw_cells_behind_menu
 .text.plot_set_measure_mode
                0x0800b818       0x28 build/obj/plot.o
                0x0800b818                plot_set_measure_mode
 .text.draw_all
                0x0800b840     0x1920 build/obj/plot.o
                0x0800b840                draw_all
 .text.redraw_marker
                0x0800d160       0x68 build/obj/plot.o
                0x0800d160                redraw_marker
 .text.plot_init
                0x0800d1c8       0x14 build/obj/plot.o
                0x0800d1c8                plot_init
 .text.NVIC_SystemReset
                0x0800d1dc       0x24 build/obj/ui.o
 .text.get_buttons
                0x0800d200       0x28 build/obj/ui.o
 .text.touch_position
                0x0800d228       0x88 build/obj/ui.o
 .text.menu_reboot_cb
                0x0800d2b0        0x8 build/obj/ui.o
 .text.menu_measure_cb
                0x0800d2b8        0xc build/obj/ui.o
 .text.browser_get_button_pos
                0x0800d2c4       0x48 build/obj/ui.o
 .text.browser_get_max
                0x0800d30c       0x38 build/obj/ui.o
 .text.ui_keyboard_cb
                0x0800d344       0x18 build/obj/ui.o
 .text.period_pos
                0x0800d35c       0x18 build/obj/ui.o
 .text.step_round
                0x0800d374       0x24 build/obj/ui.o
 .text.touch_stop_watchdog
                0x0800d398       0x18 build/obj/ui.o
 .text.touch_prepare_sense
                0x0800d3b0       0x44 build/obj/ui.o
 .text.touch_measure_y
                0x0800d3f4       0x24 build/obj/ui.o
 .text.touch_measure_x
                0x0800d418       0x4c build/obj/ui.o
 .text.touch_status
                0x0800d464       0x14 build/obj/ui.o
 .text.touch_check
                0x0800d478       0x60 build/obj/ui.o
 .text.touch_wait_release
                0x0800d4d8        0xc build/obj/ui.o
 .text.select_lever_mode
                0x0800d4e4       0x20 build/obj/ui.o
 .text.btn_check
                0x0800d504       0x4c build/obj/ui.o
 .text.btn_wait_release
                0x0800d550       0x8c build/obj/ui.o
 .text.ui_draw_button
                0x0800d5dc       0xb2 build/obj/ui.o
 *fill*         0x0800d68e        0x2 
 .text.browser_draw_button
                0x0800d690       0x94 build/obj/ui.o
 .text.browser_draw_buttons
                0x0800d724       0x38 build/obj/ui.o
 .text.getTouchPoint
                0x0800d75c       0x58 build/obj/ui.o
 .text.ui_mode_normal
                0x0800d7b4       0x38 build/obj/ui.o
 .text.keypad_draw_button
                0x0800d7ec       0xac build/obj/ui.o
 .text.ui_mode_keypad
                0x0800d898       0xbc build/obj/ui.o
 .text.load_cmd
                0x0800d954       0x68 build/obj/ui.o
 .text.save_bin
                0x0800d9bc       0x16 build/obj/ui.o
 *fill*         0x0800d9d2        0x2 
 .text.save_cal
                0x0800d9d4       0x18 build/obj/ui.o
 .text.load_cal
                0x0800d9ec       0x5c build/obj/ui.o
 .text.load_tiff
                0x0800da48      0x110 build/obj/ui.o
 .text.save_tiff
                0x0800db58       0xa8 build/obj/ui.o
 .text.load_bmp
                0x0800dc00       0x84 build/obj/ui.o
 .text.save_bmp
                0x0800dc84       0x6c build/obj/ui.o
 .text.load_snp
                0x0800dcf0      0x15c build/obj/ui.o
 .text.save_snp
                0x0800de4c       0xb8 build/obj/ui.o
 .text.sd_findnext
                0x0800df04       0x5c build/obj/ui.o
 .text.input_date_time
                0x0800df60      0x114 build/obj/ui.o
                0x0800df60                input_date_time
 .text.touch_start_watchdog
                0x0800e074       0x24 build/obj/ui.o
 .text.keypad_click
                0x0800e098      0x218 build/obj/ui.o
 .text.ui_keypad_touch
                0x0800e2b0       0x94 build/obj/ui.o
 .text.ui_keypad_lever
                0x0800e344       0x98 build/obj/ui.o
 .text.menu_draw
                0x0800e3dc      0x170 build/obj/ui.o
 .text.current_menu_get_count
                0x0800e54c       0x28 build/obj/ui.o
 .text.ensure_selection
                0x0800e574       0x40 build/obj/ui.o
 .text.menu_push_submenu
                0x0800e5b4       0x20 build/obj/ui.o
 .text.menu_invoke
                0x0800e5d4       0x74 build/obj/ui.o
 .text.menu_move_back
                0x0800e648       0x24 build/obj/ui.o
 .text.ui_mode_menu
                0x0800e66c       0x30 build/obj/ui.o
 .text.ui_normal_lever
                0x0800e69c      0x19c build/obj/ui.o
 .text.ui_menu_touch
                0x0800e838       0x5c build/obj/ui.o
 .text.ui_menu_lever
                0x0800e894       0x74 build/obj/ui.o
 .text.touch_checkHB9IIU
                0x0800e908       0x7c build/obj/ui.o
                0x0800e908                touch_checkHB9IIU
 .text.ui_message_box
                0x0800e984       0x9c build/obj/ui.o
                0x0800e984                ui_message_box
 .text.browser_draw_page
                0x0800ea20      0x120 build/obj/ui.o
 .text.ui_save_file
                0x0800eb40       0xf0 build/obj/ui.o
 .text.menu_sdcard_cb
                0x0800ec30       0x50 build/obj/ui.o
 .text.ui_normal_touch
                0x0800ec80      0x248 build/obj/ui.o
 .text.input_filename
                0x0800eec8       0x10 build/obj/ui.o
                0x0800eec8                input_filename
 .text.browser_key_press
                0x0800eed8      0x218 build/obj/ui.o
 .text.ui_browser_touch
                0x0800f0f0       0x80 build/obj/ui.o
 .text.ui_browser_lever
                0x0800f170       0x7c build/obj/ui.o
 .text.ui_touch_cal_exec
                0x0800f1ec       0x4c build/obj/ui.o
                0x0800f1ec                ui_touch_cal_exec
 .text.ui_touch_draw_test
                0x0800f238       0x80 build/obj/ui.o
                0x0800f238                ui_touch_draw_test
 .text.menu_config_cb
                0x0800f2b8      0x120 build/obj/ui.o
 .text.ui_enter_dfu
                0x0800f3d8       0x28 build/obj/ui.o
                0x0800f3d8                ui_enter_dfu
 .text.menu_dfu_cb
                0x0800f400        0x4 build/obj/ui.o
 .text.apply_VNA_mode
                0x0800f404       0x60 build/obj/ui.o
                0x0800f404                apply_VNA_mode
 .text.ui_show_no_resonance_hint
                0x0800f464       0x58 build/obj/ui.o
                0x0800f464                ui_show_no_resonance_hint
 .text.ui_hide_check_amtenna_hint
                0x0800f4bc       0x30 build/obj/ui.o
                0x0800f4bc                ui_hide_check_amtenna_hint
 .text.ui_show_check_amtenna_hint
                0x0800f4ec       0x54 build/obj/ui.o
                0x0800f4ec                ui_show_check_amtenna_hint
 .text.ui_hide_no_resonance_hint
                0x0800f540       0x30 build/obj/ui.o
                0x0800f540                ui_hide_no_resonance_hint
 .text.keyboard_get_float
                0x0800f570        0xc build/obj/ui.o
                0x0800f570                keyboard_get_float
 .text.input_var_delay
                0x0800f57c       0x44 build/obj/ui.o
                0x0800f57c                input_var_delay
 .text.input_amplitude
                0x0800f5c0       0xfc build/obj/ui.o
                0x0800f5c0                input_amplitude
 .text.input_scale
                0x0800f6bc       0x20 build/obj/ui.o
                0x0800f6bc                input_scale
 .text.input_ref
                0x0800f6dc       0x20 build/obj/ui.o
                0x0800f6dc                input_ref
 .text.input_edelay
                0x0800f6fc       0x5c build/obj/ui.o
                0x0800f6fc                input_edelay
 .text.input_s21_offset
                0x0800f758       0x20 build/obj/ui.o
                0x0800f758                input_s21_offset
 .text.input_cable_len
                0x0800f778       0x54 build/obj/ui.o
                0x0800f778                input_cable_len
 .text.input_measure_r
                0x0800f7cc       0x1c build/obj/ui.o
                0x0800f7cc                input_measure_r
 .text.input_rtc_cal
                0x0800f7e8       0x1c build/obj/ui.o
                0x0800f7e8                input_rtc_cal
 .text.keyboard_get_freq
                0x0800f804        0xc build/obj/ui.o
                0x0800f804                keyboard_get_freq
 .text.input_freq
                0x0800f810       0x64 build/obj/ui.o
                0x0800f810                input_freq
 .text.input_vbat
                0x0800f874       0x18 build/obj/ui.o
                0x0800f874                input_vbat
 .text.input_harmonic
                0x0800f88c       0x18 build/obj/ui.o
                0x0800f88c                input_harmonic
 .text.input_xtal
                0x0800f8a4       0x1c build/obj/ui.o
                0x0800f8a4                input_xtal
 .text.input_velocity
                0x0800f8c0       0x1c build/obj/ui.o
                0x0800f8c0                input_velocity
 .text.input_points
                0x0800f8dc       0x20 build/obj/ui.o
                0x0800f8dc                input_points
 .text.ui_process
                0x0800f8fc       0x60 build/obj/ui.o
                0x0800f8fc                ui_process
 .text.handle_button_interrupt
                0x0800f95c       0x10 build/obj/ui.o
                0x0800f95c                handle_button_interrupt
 .text.handle_touch_interrupt
                0x0800f96c       0x1c build/obj/ui.o
                0x0800f96c                handle_touch_interrupt
 .text.remote_touch_set
                0x0800f988       0x24 build/obj/ui.o
                0x0800f988                remote_touch_set
 .text.ui_init  0x0800f9ac       0x54 build/obj/ui.o
                0x0800f9ac                ui_init
 .text.ui_close_all
                0x0800fa00       0x50 build/obj/ui.o
                0x0800fa00                ui_close_all
 .text.dmaChannelWaitCompletionRxTx
                0x0800fa50       0x1c build/obj/lcd.o
 .text.SD_Select_SPI
                0x0800fa6c       0x30 build/obj/lcd.o
 .text.spi_TxByte
                0x0800fa9c       0x10 build/obj/lcd.o
                0x0800fa9c                spi_TxByte
 .text.spi_TxBuffer
                0x0800faac       0x24 build/obj/lcd.o
                0x0800faac                spi_TxBuffer
 .text.lcd_send_command
                0x0800fad0       0x3c build/obj/lcd.o
 .text.spi_RxByte
                0x0800fb0c       0x14 build/obj/lcd.o
                0x0800fb0c                spi_RxByte
 .text.SD_Unselect_SPI
                0x0800fb20       0x28 build/obj/lcd.o
 .text.spi_RxBuffer
                0x0800fb48       0x28 build/obj/lcd.o
                0x0800fb48                spi_RxBuffer
 .text.spi_DropRx
                0x0800fb70       0x1c build/obj/lcd.o
                0x0800fb70                spi_DropRx
 .text.SD_WaitNotBusy
                0x0800fb8c       0x28 build/obj/lcd.o
 .text.SD_TxDataBlock.constprop.0
                0x0800fbb4       0x5c build/obj/lcd.o
 .text.SD_RxDataBlock.constprop.0
                0x0800fc10       0x64 build/obj/lcd.o
 .text.SD_SendCmd
                0x0800fc74       0xb0 build/obj/lcd.o
 .text.lcd_get_cell_buffer
                0x0800fd24       0x18 build/obj/lcd.o
                0x0800fd24                lcd_get_cell_buffer
 .text.lcd_set_rotation
                0x0800fd3c       0x10 build/obj/lcd.o
                0x0800fd3c                lcd_set_rotation
 .text.lcd_setWindow
                0x0800fd4c       0x50 build/obj/lcd.o
                0x0800fd4c                lcd_setWindow
 .text.lcd_bulk_buffer
                0x0800fd9c       0x80 build/obj/lcd.o
 .text.lcd_read_memory
                0x0800fe1c       0x70 build/obj/lcd.o
                0x0800fe1c                lcd_read_memory
 .text.lcd_set_flip
                0x0800fe8c       0x14 build/obj/lcd.o
                0x0800fe8c                lcd_set_flip
 .text.lcd_bulk_finish
                0x0800fea0       0x10 build/obj/lcd.o
                0x0800fea0                lcd_bulk_finish
 .text.lcd_bulk_continue
                0x0800feb0       0x28 build/obj/lcd.o
                0x0800feb0                lcd_bulk_continue
 .text.lcd_bulk
                0x0800fed8       0x1c build/obj/lcd.o
                0x0800fed8                lcd_bulk
 .text.lcd_fill
                0x0800fef4       0x98 build/obj/lcd.o
                0x0800fef4                lcd_fill
 .text.lcd_line
                0x0800ff8c       0xa8 build/obj/lcd.o
                0x0800ff8c                lcd_line
 .text.lcd_clear_screen
                0x08010034       0x10 build/obj/lcd.o
                0x08010034                lcd_clear_screen
 .text.lcd_init
                0x08010044       0x8c build/obj/lcd.o
                0x08010044                lcd_init
 .text.lcd_set_foreground
                0x080100d0       0x18 build/obj/lcd.o
                0x080100d0                lcd_set_foreground
 .text.lcd_set_background
                0x080100e8       0x18 build/obj/lcd.o
                0x080100e8                lcd_set_background
 .text.lcd_set_colors
                0x08010100       0x24 build/obj/lcd.o
                0x08010100                lcd_set_colors
 .text.lcd_blitBitmap
                0x08010124       0x74 build/obj/lcd.o
                0x08010124                lcd_blitBitmap
 .text.lcd_put  0x08010198       0x88 build/obj/lcd.o
 .text.lcd_printf
                0x08010220       0x48 build/obj/lcd.o
                0x08010220                lcd_printf
 .text.lcd_blitBitmapScale
                0x08010268       0xc8 build/obj/lcd.o
                0x08010268                lcd_blitBitmapScale
 .text.lcd_drawchar_size
                0x08010330       0xfc build/obj/lcd.o
                0x08010330                lcd_drawchar_size
 .text.lcd_drawfont
                0x0801042c       0x30 build/obj/lcd.o
                0x0801042c                lcd_drawfont
 .text.lcd_drawstring_size
                0x0801045c       0x2c build/obj/lcd.o
                0x0801045c                lcd_drawstring_size
 .text.get_fattime
                0x08010488        0x4 build/obj/lcd.o
                0x08010488                get_fattime
 .text.disk_initialize
                0x0801048c      0x108 build/obj/lcd.o
                0x0801048c                disk_initialize
 .text.disk_status
                0x08010594       0x18 build/obj/lcd.o
                0x08010594                disk_status
 .text.disk_read
                0x080105ac       0x84 build/obj/lcd.o
                0x080105ac                disk_read
 .text.disk_write
                0x08010630       0xa0 build/obj/lcd.o
                0x08010630                disk_write
 .text.disk_ioctl
                0x080106d0       0x40 build/obj/lcd.o
                0x080106d0                disk_ioctl
 .text.lcd_show_logo
                0x08010710       0x88 build/obj/lcd.o
                0x08010710                lcd_show_logo
 .text.config_save
                0x08010798       0x38 build/obj/data_storage.o
                0x08010798                config_save
 .text.config_recall
                0x080107d0       0x48 build/obj/data_storage.o
                0x080107d0                config_recall
 .text.caldata_save
                0x08010818       0x60 build/obj/data_storage.o
                0x08010818                caldata_save
 .text.get_properties
                0x08010878       0x70 build/obj/data_storage.o
                0x08010878                get_properties
 .text.caldata_recall
                0x080108e8       0x34 build/obj/data_storage.o
                0x080108e8                caldata_recall
 .text.clear_all_config_prop_data
                0x0801091c       0x2c build/obj/data_storage.o
                0x0801091c                clear_all_config_prop_data
 .text.adcStartMeasure
                0x08010948       0x68 build/obj/hardware.o
 .text.rtc_enter_init
                0x080109b0       0x28 build/obj/hardware.o
 .text.rtc_start_source
                0x080109d8       0x38 build/obj/hardware.o
 .text.adc_init
                0x08010a10       0x9c build/obj/hardware.o
                0x08010a10                adc_init
 .text.adc_single_read
                0x08010aac       0x20 build/obj/hardware.o
                0x08010aac                adc_single_read
 .text.adc_vbat_read
                0x08010acc       0x9c build/obj/hardware.o
                0x08010acc                adc_vbat_read
 .text.adc_start_analog_watchdog
                0x08010b68       0x34 build/obj/hardware.o
                0x08010b68                adc_start_analog_watchdog
 .text.adc_stop_analog_watchdog
                0x08010b9c       0x1c build/obj/hardware.o
                0x08010b9c                adc_stop_analog_watchdog
 .text.Vector88
                0x08010bb8       0x24 build/obj/hardware.o
                0x08010bb8                Vector88
 .text.i2c_set_timings
                0x08010bdc       0x1c build/obj/hardware.o
                0x08010bdc                i2c_set_timings
 .text.i2c_start
                0x08010bf8       0x18 build/obj/hardware.o
                0x08010bf8                i2c_start
 .text.i2c_transfer
                0x08010c10       0x58 build/obj/hardware.o
                0x08010c10                i2c_transfer
 .text.rtc_get_tr_bin
                0x08010c68       0x2c build/obj/hardware.o
                0x08010c68                rtc_get_tr_bin
 .text.rtc_get_dr_bin
                0x08010c94       0x2c build/obj/hardware.o
                0x08010c94                rtc_get_dr_bin
 .text.rtc_get_FAT
                0x08010cc0       0x3c build/obj/hardware.o
                0x08010cc0                rtc_get_FAT
 .text.rtc_set_time
                0x08010cfc       0x20 build/obj/hardware.o
                0x08010cfc                rtc_set_time
 .text.auto_backup_domain_init
                0x08010d1c       0x4c build/obj/hardware.o
                0x08010d1c                auto_backup_domain_init
 .text.rtc_init
                0x08010d68       0x70 build/obj/hardware.o
                0x08010d68                rtc_init
 .text.rtc_set_cal
                0x08010dd8       0x40 build/obj/hardware.o
                0x08010dd8                rtc_set_cal
 .text.rtc_get_cal
                0x08010e18       0x30 build/obj/hardware.o
                0x08010e18                rtc_get_cal
 .text.dac_init
                0x08010e48       0x20 build/obj/hardware.o
                0x08010e48                dac_init
 .text.dac_setvalue_ch2
                0x08010e68        0xc build/obj/hardware.o
                0x08010e68                dac_setvalue_ch2
 .text.initI2S  0x08010e74       0x4c build/obj/hardware.o
                0x08010e74                initI2S
 .text.flash_erase_pages
                0x08010ec0       0x54 build/obj/hardware.o
                0x08010ec0                flash_erase_pages
 .text.flash_program_half_word_buffer
                0x08010f14       0x4c build/obj/hardware.o
                0x08010f14                flash_program_half_word_buffer
 .text.initPal  0x08010f60       0xb4 build/obj/hardware.o
                0x08010f60                initPal
 .text.palSetPadMode
                0x08011014       0xa4 build/obj/hardware.o
                0x08011014                palSetPadMode
 .text.Vector78
                0x080110b8       0x1c build/obj/hardware.o
                0x080110b8                Vector78
 .text.Vector5C
                0x080110d4       0x18 build/obj/hardware.o
                0x080110d4                Vector5C
 .text.Vector60
                0x080110ec       0x18 build/obj/hardware.o
                0x080110ec                Vector60
 .text.Vector64
                0x08011104       0x18 build/obj/hardware.o
                0x08011104                Vector64
 .text.extStart
                0x0801111c       0x20 build/obj/hardware.o
                0x0801111c                extStart
 .text.ext_channel_enable
                0x0801113c       0x78 build/obj/hardware.o
                0x0801113c                ext_channel_enable
 .text.initTimers
                0x080111b4       0x28 build/obj/hardware.o
                0x080111b4                initTimers
 .text.startTimer
                0x080111dc       0x18 build/obj/hardware.o
                0x080111dc                startTimer
 .text.vna_sincosf
                0x080111f4      0x128 build/obj/vna_math.o
                0x080111f4                vna_sincosf
 .text.vna_logf
                0x0801131c       0x68 build/obj/vna_math.o
                0x0801131c                vna_logf
 .text.vna_log10f_x_10
                0x08011384       0x68 build/obj/vna_math.o
                0x08011384                vna_log10f_x_10
 .text.vna_atan2f
                0x080113ec       0xb8 build/obj/vna_math.o
                0x080113ec                vna_atan2f
 .text.vna_expf
                0x080114a4       0x50 build/obj/vna_math.o
                0x080114a4                vna_expf
 .text.infinityf
                0x080114f4        0xc C:/Program Files (x86)/Arm GNU Toolchain arm-none-eabi/14.3 rel1/bin/../lib/gcc/arm-none-eabi/14.3.1/../../../../arm-none-eabi/lib/thumb/v7e-m+fp/hard\libm.a(libm_a-sf_infinity.o)
                0x080114f4                infinityf
 .text.__udivmoddi4
                0x08011500      0x2f8 C:/Program Files (x86)/Arm GNU Toolchain arm-none-eabi/14.3 rel1/bin/../lib/gcc/arm-none-eabi/14.3.1/thumb/v7e-m+fp/hard\libgcc.a(_udivmoddi4.o)
                0x08011500                __udivmoddi4
 .text.memmove  0x080117f8       0x32 C:/Program Files (x86)/Arm GNU Toolchain arm-none-eabi/14.3 rel1/bin/../lib/gcc/arm-none-eabi/14.3.1/../../../../arm-none-eabi/lib/thumb/v7e-m+fp/hard\libg_nano.a(libc_a-memmove.o)
                0x080117f8                memmove
 *fill*         0x0801182a        0x2 
 .text.memset   0x0801182c       0x10 C:/Program Files (x86)/Arm GNU Toolchain arm-none-eabi/14.3 rel1/bin/../lib/gcc/arm-none-eabi/14.3.1/../../../../arm-none-eabi/lib/thumb/v7e-m+fp/hard\libg_nano.a(libc_a-memset.o)
                0x0801182c                memset
 .text.strncpy  0x0801183c       0x26 C:/Program Files (x86)/Arm GNU Toolchain arm-none-eabi/14.3 rel1/bin/../lib/gcc/arm-none-eabi/14.3.1/../../../../arm-none-eabi/lib/thumb/v7e-m+fp/hard\libg_nano.a(libc_a-strncpy.o)
                0x0801183c                strncpy
 *fill*         0x08011862        0x2 
 .text.memcpy   0x08011864       0x1c C:/Program Files (x86)/Arm GNU Toolchain arm-none-eabi/14.3 rel1/bin/../lib/gcc/arm-none-eabi/14.3.1/../../../../arm-none-eabi/lib/thumb/v7e-m+fp/hard\libg_nano.a(libc_a-memcpy-stub.o)
                0x08011864                memcpy
 *(.glue_7t)
 .glue_7t       0x08011880        0x0 linker stubs
 *(.glue_7)
 .glue_7        0x08011880        0x0 linker stubs
 *(.gcc*)

.vfp11_veneer   0x08011880        0x0
 .vfp11_veneer  0x08011880        0x0 linker stubs

.v4_bx          0x08011880        0x0
 .v4_bx         0x08011880        0x0 linker stubs

.iplt           0x08011880        0x0
 .iplt          0x08011880        0x0 build/obj/crt0_v7m.o

.rodata         0x08011880     0x85b4
                0x08011880                        . = ALIGN (0x4)
                0x08011880                        __rodata_base__ = .
 *(.rodata)
 .rodata        0x08011880       0x10 build/obj/main.o
 .rodata        0x08011890        0xc build/obj/plot.o
 .rodata        0x0801189c       0x39 build/obj/ui.o
 *(.rodata.*)
 *fill*         0x080118d5        0x3 
 .rodata.ram_areas
                0x080118d8       0x80 build/obj/crt1.o
 .rodata.chSysInit.str1.4
                0x08011958      0xecf build/obj/chsys.o
                                  0x5 (size before relaxing)
 .rodata.str1.4
                0x08012827        0x5 build/obj/chsys.o
 *fill*         0x08012827        0x1 
 .rodata.idle_descriptor.0
                0x08012828       0x18 build/obj/chsys.o
 .rodata.chSchGoSleepS.str1.4
                0x08012840        0xf build/obj/chschd.o
 .rodata.vmt    0x08012840       0x20 build/obj/hal_serial.o
 .rodata.vmt    0x08012860       0x20 build/obj/hal_serial_usb.o
 .rodata.halted_status
                0x08012880        0x2 build/obj/hal_usb.o
 *fill*         0x08012882        0x2 
 .rodata.active_status
                0x08012884        0x2 build/obj/hal_usb.o
 *fill*         0x08012886        0x2 
 .rodata.zero_status
                0x08012888        0x2 build/obj/hal_usb.o
 *fill*         0x0801288a        0x2 
 .rodata.ep0config
                0x0801288c       0x1c build/obj/hal_usb_lld.o
 .rodata.chvprintf.str1.4
                0x080128a8        0x7 build/obj/chprintf.o
 .rodata.vmt    0x080128a8       0x10 build/obj/chprintf.o
 .rodata.smallPrefix
                0x080128b8        0x9 build/obj/chprintf.o
 *fill*         0x080128c1        0x3 
 .rodata.bigPrefix
                0x080128c4        0xa build/obj/chprintf.o
 *fill*         0x080128ce        0x2 
 .rodata.pow10  0x080128d0       0x28 build/obj/chprintf.o
 .rodata.check_fs.str1.1
                0x080128f8      0x43d build/obj/ff.o
                                 0x15 (size before relaxing)
 .rodata.follow_path.str1.1
                0x08012d35       0x10 build/obj/ff.o
 *fill*         0x08012d35        0x3 
 .rodata.ExCvt  0x08012d38       0x80 build/obj/ff.o
 .rodata.LfnOfs
                0x08012db8        0xd build/obj/ff.o
 *fill*         0x08012dc5        0x3 
 .rodata.cvt2.0
                0x08012dc8       0xbc build/obj/ffunicode.o
 .rodata.cvt1.1
                0x08012e84      0x1f2 build/obj/ffunicode.o
 *fill*         0x08013076        0x2 
 .rodata.uc866  0x08013078      0x100 build/obj/ffunicode.o
 .rodata.numfont16x22
                0x08013178      0x3f4 build/obj/numfont16x22.o
                0x08013178                numfont16x22
 .rodata.x7x11b_bits
                0x0801356c      0x483 build/obj/Font7x11b.o
                0x0801356c                x7x11b_bits
 *fill*         0x080139ef        0x1 
 .rodata.serusbcfg
                0x080139f0        0x8 build/obj/usbcfg.o
                0x080139f0                serusbcfg
 .rodata.usbcfg
                0x080139f8       0x10 build/obj/usbcfg.o
                0x080139f8                usbcfg
 .rodata.ep2config
                0x08013a08       0x1c build/obj/usbcfg.o
 .rodata.ep1config
                0x08013a24       0x1c build/obj/usbcfg.o
 .rodata.vcom_strings
                0x08013a40       0x20 build/obj/usbcfg.o
 .rodata.vcom_string3
                0x08013a60        0x8 build/obj/usbcfg.o
 .rodata.vcom_string2
                0x08013a68       0x16 build/obj/usbcfg.o
 *fill*         0x08013a7e        0x2 
 .rodata.vcom_string1
                0x08013a80       0x18 build/obj/usbcfg.o
 .rodata.vcom_string0
                0x08013a98        0x4 build/obj/usbcfg.o
 .rodata.vcom_configuration_descriptor
                0x08013a9c        0x8 build/obj/usbcfg.o
 .rodata.vcom_configuration_descriptor_data
                0x08013aa4       0x43 build/obj/usbcfg.o
 *fill*         0x08013ae7        0x1 
 .rodata.vcom_device_descriptor
                0x08013ae8        0x8 build/obj/usbcfg.o
 .rodata.vcom_device_descriptor_data
                0x08013af0       0x12 build/obj/usbcfg.o
 .rodata.VNAShell_parceLine.str1.4
                0x08013b02        0x5 build/obj/main.o
 .rodata.cmd_reset.str1.4
                0x08013b02        0x4 build/obj/main.o
 .rodata.cmd_clearconfig.str1.4
                0x08013b02        0x5 build/obj/main.o
 .rodata.cmd_sd_card_mount.str1.4
                0x08013b02        0x1 build/obj/main.o
 .rodata.cmd_sd_list.str1.4
                0x08013b02        0x4 build/obj/main.o
 .rodata.cmd_time.str1.4
                0x08013b02        0x2 build/obj/main.o
 .rodata.displaySWR.str1.4
                0x08013b02        0x8 build/obj/main.o
 .rodata.Thread1.str1.4
                0x08013b02       0x48 build/obj/main.o
 .rodata.cmd_trace.str1.4
                0x08013b02        0x8 build/obj/main.o
 .rodata.send_region.str1.4
                0x08013b02        0x7 build/obj/main.o
 *fill*         0x08013b02        0x2 
 .rodata.stepHz.0
                0x08013b04       0x20 build/obj/main.o
 .rodata.sweep_cmd.1
                0x08013b24       0x23 build/obj/main.o
 *fill*         0x08013b47        0x1 
 .rodata.idx_to_time.2
                0x08013b48        0x6 build/obj/main.o
 *fill*         0x08013b4e        0x2 
 .rodata.time_cmd.3
                0x08013b50       0x14 build/obj/main.o
 .rodata.cmd_cal_list.4
                0x08013b64       0x2d build/obj/main.o
 *fill*         0x08013b91        0x3 
 .rodata.cmd_scale_ref_list.6
                0x08013b94        0xd build/obj/main.o
 *fill*         0x08013ba1        0x3 
 .rodata.cmd_marker_smith.7
                0x08013ba4       0x3b build/obj/main.o
 *fill*         0x08013bdf        0x1 
 .rodata.cmd_type_list.8
                0x08013be0       0x76 build/obj/main.o
 *fill*         0x08013c56        0x2 
 .rodata.cmd_marker_list.9
                0x08013c58        0x7 build/obj/main.o
 *fill*         0x08013c5f        0x1 
 .rodata.cmd_edelay_list.10
                0x08013c60        0x8 build/obj/main.o
 .rodata.cmd_measure_list.11
                0x08013c68       0x35 build/obj/main.o
 *fill*         0x08013c9d        0x3 
 .rodata.cmd_enable_list.12
                0x08013ca0        0x7 build/obj/main.o
 *fill*         0x08013ca7        0x1 
 .rodata.cmd_mode_list.13
                0x08013ca8       0x2a build/obj/main.o
 *fill*         0x08013cd2        0x2 
 .rodata.cmd_transform_list.14
                0x08013cd4       0x34 build/obj/main.o
 .rodata.calibration_set.15
                0x08013d08       0x1e build/obj/main.o
 *fill*         0x08013d26        0x2 
 .rodata.screenshot_header.16
                0x08013d28        0x8 build/obj/main.o
 .rodata.str1.4
                0x08013d30      0x33b build/obj/main.o
 .rodata.commands
                0x08013d30      0x1d6 build/obj/main.o
 *fill*         0x08013f06        0x2 
 .rodata.trc_channel_name
                0x08013f08        0x8 build/obj/main.o
 .rodata.def_markers
                0x08013f10       0x40 build/obj/main.o
 .rodata.def_trace
                0x08013f50       0x30 build/obj/main.o
 .rodata.parse_line.str1.1
                0x08013f80        0x5 build/obj/common.o
 .rodata.bs.0   0x08013f80        0xc build/obj/si5351.o
 .rodata.band_strategy_SWC5351
                0x08013f8c       0x78 build/obj/si5351.o
                0x08013f8c                band_strategy_SWC5351
 .rodata.band_strategy_36H_MS5351
                0x08014004       0x84 build/obj/si5351.o
                0x08014004                band_strategy_36H_MS5351
 .rodata.band_strategy_H4_SI5351
                0x08014088       0xc0 build/obj/si5351.o
                0x08014088                band_strategy_H4_SI5351
 .rodata.msreg_base
                0x08014148        0x3 build/obj/si5351.o
 *fill*         0x0801414b        0x1 
 .rodata.si5351_configs
                0x0801414c        0xf build/obj/si5351.o
                0x0801414c                si5351_configs
 *fill*         0x0801415b        0x1 
 .rodata.conf_data_ch1_select
                0x0801415c        0x5 build/obj/tlv320aic3204.o
 *fill*         0x08014161        0x3 
 .rodata.conf_data_ch3_select
                0x08014164        0x5 build/obj/tlv320aic3204.o
 *fill*         0x08014169        0x3 
 .rodata.conf_data_unmute
                0x0801416c        0x8 build/obj/tlv320aic3204.o
 .rodata.conf_data
                0x08014174       0x36 build/obj/tlv320aic3204.o
 .rodata.draw_s11_resonance.str1.1
                0x080141aa       0x26 build/obj/plot.o
 .rodata.draw_s11_cable.str1.1
                0x080141aa       0x75 build/obj/plot.o
 .rodata.draw_s21_pass.str1.1
                0x080141aa       0x19 build/obj/plot.o
 .rodata.draw_filter_result.str1.1
                0x080141aa       0x69 build/obj/plot.o
 .rodata.draw_serial_result.str1.1
                0x080141aa       0x3c build/obj/plot.o
 .rodata.lc_match_x_str.str1.1
                0x080141aa        0x8 build/obj/plot.o
 .rodata.draw_lc_match.str1.1
                0x080141aa       0x67 build/obj/plot.o
 .rodata.trace_print_value_string.str1.4
                0x080141aa        0x7 build/obj/plot.o
 .rodata.analysis_lcseries.str1.1
                0x080141aa        0xa build/obj/plot.o
 .rodata.get_trace_typename.str1.4
                0x080141aa        0x6 build/obj/plot.o
 .rodata.prepare_series.str1.1
                0x080141aa       0x15 build/obj/plot.o
 .rodata.draw_all.str1.4
                0x080141aa      0x1ad build/obj/plot.o
 *fill*         0x080141aa        0x2 
 .rodata.calibration_text.0
                0x080141ac       0x24 build/obj/plot.o
 .rodata.cell_vmt.3
                0x080141d0       0x10 build/obj/plot.o
 .rodata.marker_pos
                0x080141e0       0x20 build/obj/plot.o
 .rodata.measure
                0x08014200       0x60 build/obj/plot.o
 .rodata.filter_att
                0x08014260       0x10 build/obj/plot.o
 .rodata.marker_bitmap
                0x08014270      0x1f8 build/obj/plot.o
 .rodata.reference_bitmap
                0x08014468        0x5 build/obj/plot.o
 .rodata.str1.4
                0x0801446d      0x1f6 build/obj/plot.o
 *fill*         0x0801446d        0x3 
 .rodata.marker_info_list
                0x08014470       0xd0 build/obj/plot.o
                0x08014470                marker_info_list
 .rodata.trace_info_list
                0x08014540      0x348 build/obj/plot.o
                0x08014540                trace_info_list
 .rodata.menu_transform_window_acb.str1.1
                0x08014888       0x18 build/obj/ui.o
 .rodata.browser_draw_buttons.str1.1
                0x08014888        0xa build/obj/ui.o
 .rodata.getTouchPoint.str1.1
                0x08014888        0xb build/obj/ui.o
 .rodata.load_cal.str1.1
                0x08014888        0xb build/obj/ui.o
 .rodata.browser_draw_page.str1.1
                0x08014888       0x1a build/obj/ui.o
 .rodata.ui_save_file.str1.1
                0x08014888       0x33 build/obj/ui.o
 .rodata.ui_touch_cal_exec.str1.1
                0x08014888       0x17 build/obj/ui.o
 .rodata.ui_touch_draw_test.str1.1
                0x08014888       0x38 build/obj/ui.o
 .rodata.menu_config_cb.str1.1
                0x08014888       0x35 build/obj/ui.o
 .rodata.ui_enter_dfu.str1.1
                0x08014888       0x51 build/obj/ui.o
 .rodata.ui_show_no_resonance_hint.str1.1
                0x08014888       0x3a build/obj/ui.o
 .rodata.ui_show_check_amtenna_hint.str1.1
                0x08014888       0x40 build/obj/ui.o
 .rodata.input_var_delay.str1.1
                0x08014888       0x10 build/obj/ui.o
 .rodata.input_amplitude.str1.1
                0x08014888       0x18 build/obj/ui.o
 .rodata.input_edelay.str1.1
                0x08014888       0x16 build/obj/ui.o
 .rodata.input_cable_len.str1.1
                0x08014888        0xf build/obj/ui.o
 .rodata.input_freq.str1.1
                0x08014888       0x13 build/obj/ui.o
 .rodata.str1.4
                0x08014888      0x7da build/obj/ui.o
 .rodata.ui_handler
                0x08014888       0x20 build/obj/ui.o
 .rodata.keypads_mode_tbl
                0x080148a8      0x14a build/obj/ui.o
                0x080148a8                keypads_mode_tbl
 *fill*         0x080149f2        0x2 
 .rodata.keypad_type_list
                0x080149f4       0x20 build/obj/ui.o
 .rodata.keypads_text
                0x08014a14       0x52 build/obj/ui.o
 *fill*         0x08014a66        0x2 
 .rodata.keypads_nfloat
                0x08014a68       0x22 build/obj/ui.o
 *fill*         0x08014a8a        0x2 
 .rodata.keypads_mkufloat
                0x08014a8c       0x22 build/obj/ui.o
 *fill*         0x08014aae        0x2 
 .rodata.keypads_mfloat
                0x08014ab0       0x22 build/obj/ui.o
 *fill*         0x08014ad2        0x2 
 .rodata.keypads_float
                0x08014ad4       0x22 build/obj/ui.o
 *fill*         0x08014af6        0x2 
 .rodata.keypads_percent
                0x08014af8       0x22 build/obj/ui.o
 *fill*         0x08014b1a        0x2 
 .rodata.keypads_ufloat
                0x08014b1c       0x22 build/obj/ui.o
 *fill*         0x08014b3e        0x2 
 .rodata.keypads_freq
                0x08014b40       0x22 build/obj/ui.o
 *fill*         0x08014b62        0x2 
 .rodata.key_pos
                0x08014b64       0x10 build/obj/ui.o
 .rodata.menu_top
                0x08014b74       0x32 build/obj/ui.o
                0x08014b74                menu_top
 *fill*         0x08014ba6        0x2 
 .rodata.browser_btn
                0x08014ba8       0x28 build/obj/ui.o
 .rodata.file_opt
                0x08014bd0       0x70 build/obj/ui.o
                0x08014bd0                file_opt
 .rodata.tif_header
                0x08014c40       0x68 build/obj/ui.o
 .rodata.bmp_header_v4
                0x08014ca8       0x7a build/obj/ui.o
 *fill*         0x08014d22        0x2 
 .rodata.s2_file_param
                0x08014d24       0x1d build/obj/ui.o
 *fill*         0x08014d41        0x3 
 .rodata.s2_file_header
                0x08014d44       0x2b build/obj/ui.o
 *fill*         0x08014d6f        0x1 
 .rodata.s1_file_param
                0x08014d70        0xd build/obj/ui.o
 *fill*         0x08014d7d        0x3 
 .rodata.s1_file_header
                0x08014d80       0x2b build/obj/ui.o
 *fill*         0x08014dab        0x1 
 .rodata.vna_mode_data
                0x08014dac       0x36 build/obj/ui.o
                0x08014dac                vna_mode_data
 *fill*         0x08014de2        0x2 
 .rodata.qr_code_map
                0x08014de4       0x7c build/obj/ui.o
 .rodata.button_icons
                0x08014e60       0x84 build/obj/ui.o
 .rodata.touch_bitmap
                0x08014ee4       0x12 build/obj/ui.o
 .rodata.lcd_bulk_buffer.str1.4
                0x08014ef6        0x7 build/obj/lcd.o
 .rodata.lcd_fill.str1.4
                0x08014ef6        0x7 build/obj/lcd.o
 *fill*         0x08014ef6        0x2 
 .rodata.ST7796S_rotation_const.0
                0x08014ef8        0x4 build/obj/lcd.o
 .rodata.logo_bits
                0x08014efc     0x4b00 build/obj/lcd.o
 .rodata.ST7796S_init_seq
                0x080199fc       0x2f build/obj/lcd.o
 *fill*         0x08019a2b        0x1 
 .rodata.dummy_tx
                0x08019a2c        0x2 build/obj/lcd.o
 *fill*         0x08019a2e        0x2 
 .rodata.sin_table_512
                0x08019a30      0x404 build/obj/vna_math.o
                0x08019e34                        . = ALIGN (0x4)
                0x08019e34                        __rodata_end__ = .

.ARM.extab
 *(.ARM.extab* .gnu.linkonce.armextab.*)

.ARM.exidx      0x08019e34        0x8
                0x08019e34                        __exidx_start = .
 *(.ARM.exidx* .gnu.linkonce.armexidx.*)
 .ARM.exidx     0x08019e34        0x8 C:/Program Files (x86)/Arm GNU Toolchain arm-none-eabi/14.3 rel1/bin/../lib/gcc/arm-none-eabi/14.3.1/../../../../arm-none-eabi/lib/thumb/v7e-m+fp/hard\libg_nano.a(libc_a-strlen.o)
 .ARM.exidx.text.__udivmoddi4
                0x08019e3c        0x0 C:/Program Files (x86)/Arm GNU Toolchain arm-none-eabi/14.3 rel1/bin/../lib/gcc/arm-none-eabi/14.3.1/thumb/v7e-m+fp/hard\libgcc.a(_udivmoddi4.o)
                                  0x8 (size before relaxing)
                0x08019e3c                        __exidx_end = .

.rel.dyn        0x08019e3c        0x0
 .rel.iplt      0x08019e3c        0x0 build/obj/crt0_v7m.o

.eh_frame_hdr
 *(.eh_frame_hdr)

.eh_frame
 *(.eh_frame)
                0x20000000                        __ram0_start__ = ORIGIN (ram0)
                0x0000a000                        __ram0_size__ = LENGTH (ram0)
                0x2000a000                        __ram0_end__ = (__ram0_start__ + __ram0_size__)
                0x00000000                        __ram1_start__ = ORIGIN (ram1)
                0x00000000                        __ram1_size__ = LENGTH (ram1)
                0x00000000                        __ram1_end__ = (__ram1_start__ + __ram1_size__)
                0x00000000                        __ram2_start__ = ORIGIN (ram2)
                0x00000000                        __ram2_size__ = LENGTH (ram2)
                0x00000000                        __ram2_end__ = (__ram2_start__ + __ram2_size__)
                0x00000000                        __ram3_start__ = ORIGIN (ram3)
                0x00000000                        __ram3_size__ = LENGTH (ram3)
                0x00000000                        __ram3_end__ = (__ram3_start__ + __ram3_size__)
                0x10000000                        __ram4_start__ = ORIGIN (ram4)